###############################################################################
#
# IAR ELF Linker V8.11.1.13263/W32 for ARM                16/Jun/2017  16:59:28
# Copyright 2007-2017 IAR Systems AB.
#
#    Output file  =  
#        D:\development\ST\stm32\src_code\jlx12864_uc1701x\hello_lcd\EWARM\hello_lcd\Exe\hello_lcd.out
#    Map file     =  
#        D:\development\ST\stm32\src_code\jlx12864_uc1701x\hello_lcd\EWARM\hello_lcd\List\hello_lcd.map
#    Command line =  
#        -f C:\Users\wkxbo\AppData\Local\Temp\EW6F4B.tmp
#        (D:\development\ST\stm32\src_code\jlx12864_uc1701x\hello_lcd\EWARM\hello_lcd\Obj\bmp180.o
#        D:\development\ST\stm32\src_code\jlx12864_uc1701x\hello_lcd\EWARM\hello_lcd\Obj\cmsis_os.o
#        D:\development\ST\stm32\src_code\jlx12864_uc1701x\hello_lcd\EWARM\hello_lcd\Obj\croutine.o
#        D:\development\ST\stm32\src_code\jlx12864_uc1701x\hello_lcd\EWARM\hello_lcd\Obj\event_groups.o
#        D:\development\ST\stm32\src_code\jlx12864_uc1701x\hello_lcd\EWARM\hello_lcd\Obj\freertos.o
#        D:\development\ST\stm32\src_code\jlx12864_uc1701x\hello_lcd\EWARM\hello_lcd\Obj\heap_4.o
#        D:\development\ST\stm32\src_code\jlx12864_uc1701x\hello_lcd\EWARM\hello_lcd\Obj\list.o
#        D:\development\ST\stm32\src_code\jlx12864_uc1701x\hello_lcd\EWARM\hello_lcd\Obj\main.o
#        D:\development\ST\stm32\src_code\jlx12864_uc1701x\hello_lcd\EWARM\hello_lcd\Obj\port.o
#        D:\development\ST\stm32\src_code\jlx12864_uc1701x\hello_lcd\EWARM\hello_lcd\Obj\portasm.o
#        D:\development\ST\stm32\src_code\jlx12864_uc1701x\hello_lcd\EWARM\hello_lcd\Obj\queue.o
#        D:\development\ST\stm32\src_code\jlx12864_uc1701x\hello_lcd\EWARM\hello_lcd\Obj\startup_stm32f103xb.o
#        D:\development\ST\stm32\src_code\jlx12864_uc1701x\hello_lcd\EWARM\hello_lcd\Obj\stm32f1xx_hal.o
#        D:\development\ST\stm32\src_code\jlx12864_uc1701x\hello_lcd\EWARM\hello_lcd\Obj\stm32f1xx_hal_cortex.o
#        D:\development\ST\stm32\src_code\jlx12864_uc1701x\hello_lcd\EWARM\hello_lcd\Obj\stm32f1xx_hal_dma.o
#        D:\development\ST\stm32\src_code\jlx12864_uc1701x\hello_lcd\EWARM\hello_lcd\Obj\stm32f1xx_hal_flash.o
#        D:\development\ST\stm32\src_code\jlx12864_uc1701x\hello_lcd\EWARM\hello_lcd\Obj\stm32f1xx_hal_flash_ex.o
#        D:\development\ST\stm32\src_code\jlx12864_uc1701x\hello_lcd\EWARM\hello_lcd\Obj\stm32f1xx_hal_gpio.o
#        D:\development\ST\stm32\src_code\jlx12864_uc1701x\hello_lcd\EWARM\hello_lcd\Obj\stm32f1xx_hal_gpio_ex.o
#        D:\development\ST\stm32\src_code\jlx12864_uc1701x\hello_lcd\EWARM\hello_lcd\Obj\stm32f1xx_hal_i2c.o
#        D:\development\ST\stm32\src_code\jlx12864_uc1701x\hello_lcd\EWARM\hello_lcd\Obj\stm32f1xx_hal_msp.o
#        D:\development\ST\stm32\src_code\jlx12864_uc1701x\hello_lcd\EWARM\hello_lcd\Obj\stm32f1xx_hal_pwr.o
#        D:\development\ST\stm32\src_code\jlx12864_uc1701x\hello_lcd\EWARM\hello_lcd\Obj\stm32f1xx_hal_rcc.o
#        D:\development\ST\stm32\src_code\jlx12864_uc1701x\hello_lcd\EWARM\hello_lcd\Obj\stm32f1xx_hal_rcc_ex.o
#        D:\development\ST\stm32\src_code\jlx12864_uc1701x\hello_lcd\EWARM\hello_lcd\Obj\stm32f1xx_hal_rtc.o
#        D:\development\ST\stm32\src_code\jlx12864_uc1701x\hello_lcd\EWARM\hello_lcd\Obj\stm32f1xx_hal_rtc_ex.o
#        D:\development\ST\stm32\src_code\jlx12864_uc1701x\hello_lcd\EWARM\hello_lcd\Obj\stm32f1xx_hal_spi.o
#        D:\development\ST\stm32\src_code\jlx12864_uc1701x\hello_lcd\EWARM\hello_lcd\Obj\stm32f1xx_hal_spi_ex.o
#        D:\development\ST\stm32\src_code\jlx12864_uc1701x\hello_lcd\EWARM\hello_lcd\Obj\stm32f1xx_hal_tim.o
#        D:\development\ST\stm32\src_code\jlx12864_uc1701x\hello_lcd\EWARM\hello_lcd\Obj\stm32f1xx_hal_tim_ex.o
#        D:\development\ST\stm32\src_code\jlx12864_uc1701x\hello_lcd\EWARM\hello_lcd\Obj\stm32f1xx_hal_uart.o
#        D:\development\ST\stm32\src_code\jlx12864_uc1701x\hello_lcd\EWARM\hello_lcd\Obj\stm32f1xx_it.o
#        D:\development\ST\stm32\src_code\jlx12864_uc1701x\hello_lcd\EWARM\hello_lcd\Obj\stm32zet6_milestone.o
#        D:\development\ST\stm32\src_code\jlx12864_uc1701x\hello_lcd\EWARM\hello_lcd\Obj\stm32zet6_milestone_lcd.o
#        D:\development\ST\stm32\src_code\jlx12864_uc1701x\hello_lcd\EWARM\hello_lcd\Obj\system_stm32f1xx.o
#        D:\development\ST\stm32\src_code\jlx12864_uc1701x\hello_lcd\EWARM\hello_lcd\Obj\tasks.o
#        D:\development\ST\stm32\src_code\jlx12864_uc1701x\hello_lcd\EWARM\hello_lcd\Obj\timers.o
#        D:\development\ST\stm32\src_code\jlx12864_uc1701x\hello_lcd\EWARM\hello_lcd\Obj\uc1701x.o
#        --redirect _Printf=_PrintfFull --redirect _Scanf=_ScanfFull -o
#        D:\development\ST\stm32\src_code\jlx12864_uc1701x\hello_lcd\EWARM\hello_lcd\Exe\hello_lcd.out
#        --map
#        D:\development\ST\stm32\src_code\jlx12864_uc1701x\hello_lcd\EWARM\hello_lcd\List\hello_lcd.map
#        --config
#        D:\development\ST\stm32\src_code\jlx12864_uc1701x\hello_lcd\EWARM/stm32f103xb_flash.icf
#        --entry __iar_program_start --vfe --text_out locale)
#
###############################################################################

*******************************************************************************
*** RUNTIME MODEL ATTRIBUTES
***

CppFlavor       = *
__SystemLibrary = DLib
__dlib_version  = 6


*******************************************************************************
*** HEAP SELECTION
***

The basic heap was selected because no calls to memory allocation
functions were found in the application outside of system library
functions, and there are calls to deallocation functions in the
application.


*******************************************************************************
*** PLACEMENT SUMMARY
***

"A0":  place at 0x08000000 { ro section .intvec };
"P1":  place in [from 0x08000000 to 0x0801ffff] { ro };
"P2":  place in [from 0x20000000 to 0x20004fff] { rw, block CSTACK, block HEAP };
initialize by copy { rw };

  Section            Kind        Address    Size  Object
  -------            ----        -------    ----  ------
"A0":                                       0xec
  .intvec            ro code  0x08000000    0xec  startup_stm32f103xb.o [1]
                            - 0x080000ec    0xec

"P1":                                     0xb964
  .rodata            const    0x080000ec  0x1ab8  stm32zet6_milestone_lcd.o [1]
  .text              ro code  0x08001ba4   0xf4e  xprintffull.o [3]
  .text              ro code  0x08002af2    0x7a  lz77_init_single.o [5]
  .text              ro code  0x08002b6c    0x7c  xlocale_c.o [3]
  .text              ro code  0x08002be8    0x16  strchr.o [5]
  .text              ro code  0x08002bfe    0x1e  xencoding_8859_1.o [3]
  .text              ro code  0x08002c1c    0x44  xfail_s.o [3]
  .text              ro code  0x08002c60    0x36  strlen.o [5]
  .rodata            const    0x08002c96     0x2  stm32f1xx_hal_rcc.o [1]
  .text              ro code  0x08002c98    0x58  memchr.o [5]
  .text              ro code  0x08002cf0     0xa  xmbcurmax.o [3]
  .rodata            const    0x08002cfa     0x2  stm32f1xx_hal_rcc_ex.o [1]
  .text              ro code  0x08002cfc    0xa6  ABImemcpy.o [5]
  .text              ro code  0x08002da4    0xee  I64DivMod.o [5]
  .text              ro code  0x08002e94   0x1a2  DblMul.o [4]
  .text              ro code  0x08003038    0x70  frexp.o [4]
  .text              ro code  0x080030a8    0x2e  DblCmpLe.o [4]
  .text              ro code  0x080030d8    0x2e  DblCmpGe.o [4]
  .text              ro code  0x08003108   0x13a  ldexp.o [4]
  .text              ro code  0x08003244    0x3a  DblToS32.o [4]
  .text              ro code  0x08003280    0x22  S32ToDbl.o [4]
  .text              ro code  0x080032a4    0xe2  DblSub.o [4]
  .text              ro code  0x08003388   0x246  DblDiv.o [4]
  .text              ro code  0x080035d0    0x28  DblToU32.o [4]
  .text              ro code  0x080035f8    0x1a  U32ToDbl.o [4]
  .text              ro code  0x08003612     0x6  abort.o [3]
  .text              ro code  0x08003618     0x2  I64DivZer.o [5]
  .text              ro code  0x0800361c   0x168  DblAdd.o [4]
  .text              ro code  0x08003784     0xc  XXexit.o [5]
  .text              ro code  0x08003790   0xca0  stm32f1xx_hal_rcc.o [1]
  .text              ro code  0x08004430   0x75c  main.o [1]
  .text              ro code  0x08004b8c     0xc  stm32f1xx_hal.o [1]
  .text              ro code  0x08004b98    0x1a  stm32f1xx_hal.o [1]
  .text              ro code  0x08004bb2    0x24  stm32f1xx_hal.o [1]
  .text              ro code  0x08004bd8    0x28  printf.o [3]
  .text              ro code  0x08004c00    0x28  stm32f1xx_hal.o [1]
  .text              ro code  0x08004c28   0x770  stm32zet6_milestone_lcd.o [1]
  .text              ro code  0x08005398    0xe0  cmsis_os.o [1]
  .text              ro code  0x08005478   0x2e4  stm32f1xx_hal_rcc_ex.o [1]
  .text              ro code  0x0800575c   0x1a8  stm32f1xx_hal_cortex.o [1]
  .text              ro code  0x08005904   0x9ee  stm32f1xx_hal_i2c.o [1]
  .text              ro code  0x080062f4   0x910  stm32f1xx_hal_rtc.o [1]
  .text              ro code  0x08006c04    0x90  stm32f1xx_hal_rtc_ex.o [1]
  .text              ro code  0x08006c94   0x1cc  stm32f1xx_hal_spi_ex.o [1]
  .text              ro code  0x08006e60   0x7bc  stm32f1xx_hal_uart.o [1]
  .text              ro code  0x0800761c   0x3fc  stm32f1xx_hal_gpio.o [1]
  .text              ro code  0x08007a18    0x68  DblToFlt.o [4]
  .text              ro code  0x08007a80   0x58a  uc1701x.o [1]
  .text              ro code  0x0800800c    0xfc  stm32zet6_milestone.o [1]
  .text              ro code  0x08008108   0x2c8  stm32f1xx_hal_msp.o [1]
  .text              ro code  0x080083d0    0x24  FltCmpLe.o [4]
  .text              ro code  0x080083f4    0xd8  FltMul.o [4]
  .text              ro code  0x080084cc    0x2a  FltToS32.o [4]
  .text              ro code  0x080084f8    0x1c  U32ToFlt.o [4]
  .text              ro code  0x08008514    0x80  FltSub.o [4]
  .text              ro code  0x08008594   0x774  tasks.o [1]
  .text              ro code  0x08008d08   0x1c8  port.o [1]
  .text              ro code  0x08008ed0     0x2  stm32f1xx_hal_rtc_ex.o [1]
  .text              ro code  0x08008ed2     0x2  stm32f1xx_hal_rtc_ex.o [1]
  .text              ro code  0x08008ed4     0x2  stm32f1xx_hal_uart.o [1]
  .text              ro code  0x08008ed6     0x2  stm32f1xx_hal_uart.o [1]
  .text              ro code  0x08008ed8     0x2  stm32f1xx_hal_uart.o [1]
  .text              ro code  0x08008edc   0x39e  stm32f1xx_hal_spi.o [1]
  .text              ro code  0x0800927c   0x36c  bmp180.o [1]
  .text              ro code  0x080095e8    0x18  stm32f1xx_hal_pwr.o [1]
  .text              ro code  0x08009600   0x45c  stm32f1xx_hal_dma.o [1]
  .text              ro code  0x08009a5c    0xd6  FltAdd.o [4]
  CODE               ro code  0x08009b34    0x94  portasm.o [1]
  .text              ro code  0x08009bc8    0x98  list.o [1]
  .text              ro code  0x08009c60   0x248  heap_4.o [1]
  .text              ro code  0x08009ea8     0x2  stm32f1xx_hal_spi.o [1]
  .rodata            const    0x08009eac   0xbe0  stm32zet6_milestone_lcd.o [1]
  .rodata            const    0x0800aa8c   0x2f8  stm32zet6_milestone_lcd.o [1]
  .rodata            const    0x0800ad84    0x74  stm32f1xx_hal_cortex.o [1]
  .rodata            const    0x0800adf8    0x74  stm32f1xx_hal_dma.o [1]
  .rodata            const    0x0800ae6c    0x74  stm32f1xx_hal_gpio.o [1]
  .rodata            const    0x0800aee0    0x74  stm32f1xx_hal_i2c.o [1]
  .rodata            const    0x0800af54    0x74  stm32f1xx_hal_rcc.o [1]
  .rodata            const    0x0800afc8    0x74  stm32f1xx_hal_rcc_ex.o [1]
  .rodata            const    0x0800b03c    0x74  stm32f1xx_hal_rtc.o [1]
  .rodata            const    0x0800b0b0    0x74  stm32f1xx_hal_rtc_ex.o [1]
  .rodata            const    0x0800b124    0x74  stm32f1xx_hal_spi.o [1]
  .rodata            const    0x0800b198    0x74  stm32f1xx_hal_spi_ex.o [1]
  .rodata            const    0x0800b20c    0x74  stm32f1xx_hal_uart.o [1]
  .text              ro code  0x0800b280    0x68  system_stm32f1xx.o [1]
  .text              ro code  0x0800b2e8    0x60  stm32f1xx_it.o [1]
  .text              ro code  0x0800b348    0x10  stm32f1xx_hal.o [1]
  .rodata            const    0x0800b358    0x58  main.o [1]
  .rodata            const    0x0800b3b0    0x54  stm32f1xx_hal_msp.o [1]
  .rodata            const    0x0800b404    0x4c  main.o [1]
  .rodata            const    0x0800b450    0x48  main.o [1]
  .rodata            const    0x0800b498    0x44  main.o [1]
  .text              ro code  0x0800b4dc    0x40  zero_init3.o [5]
  .rodata            const    0x0800b51c    0x3c  main.o [1]
  .rodata            const    0x0800b558    0x3c  main.o [1]
  .rodata            const    0x0800b594    0x38  main.o [1]
  .rodata            const    0x0800b5cc    0x38  main.o [1]
  .rodata            const    0x0800b604    0x34  main.o [1]
  .rodata            const    0x0800b638    0x30  bmp180.o [1]
  .rodata            const    0x0800b668    0x30  main.o [1]
  .text              ro code  0x0800b698    0x28  data_init.o [5]
  .iar.init_table    const    0x0800b6c0    0x20  - Linker created -
  .rodata            const    0x0800b6e0    0x20  heap_4.o [1]
  .rodata            const    0x0800b700    0x20  main.o [1]
  .rodata            const    0x0800b720    0x20  main.o [1]
  .text              ro code  0x0800b740    0x1a  cmain.o [5]
  .text              ro code  0x0800b75a     0x4  low_level_init.o [3]
  .text              ro code  0x0800b75e     0x4  exit.o [3]
  .text              ro code  0x0800b764     0xa  cexit.o [5]
  .text              ro code  0x0800b76e    0x16  xprout.o [3]
  .text              ro code  0x0800b784     0xc  putchar.o [3]
  .rodata            const    0x0800b790    0x14  main.o [1]
  .rodata            const    0x0800b7a4    0x14  main.o [1]
  .rodata            const    0x0800b7b8    0x14  main.o [1]
  .rodata            const    0x0800b7cc    0x14  main.o [1]
  .rodata            const    0x0800b7e0    0x10  main.o [1]
  .rodata            const    0x0800b7f0    0x10  main.o [1]
  .rodata            const    0x0800b800    0x10  main.o [1]
  .rodata            const    0x0800b810    0x10  stm32f1xx_hal_rcc.o [1]
  .rodata            const    0x0800b820    0x10  stm32f1xx_hal_rcc_ex.o [1]
  .rodata            const    0x0800b830    0x10  system_stm32f1xx.o [1]
  .text              ro code  0x0800b840    0x10  startup_stm32f103xb.o [1]
  .rodata            const    0x0800b850     0xc  bmp180.o [1]
  .rodata            const    0x0800b85c     0xc  main.o [1]
  .rodata            const    0x0800b868     0xc  main.o [1]
  .rodata            const    0x0800b874     0xc  main.o [1]
  .rodata            const    0x0800b880     0xc  main.o [1]
  .rodata            const    0x0800b88c     0xc  stm32zet6_milestone_lcd.o [1]
  .rodata            const    0x0800b898     0xc  stm32zet6_milestone_lcd.o [1]
  .text              ro code  0x0800b8a4     0xc  cstartup_M.o [5]
  .rodata            const    0x0800b8b0     0x8  main.o [1]
  .rodata            const    0x0800b8b8     0x8  main.o [1]
  .rodata            const    0x0800b8c0     0x8  main.o [1]
  .rodata            const    0x0800b8c8     0x8  main.o [1]
  .rodata            const    0x0800b8d0     0x8  main.o [1]
  .rodata            const    0x0800b8d8     0x8  main.o [1]
  .rodata            const    0x0800b8e0     0x8  main.o [1]
  .rodata            const    0x0800b8e8     0x8  main.o [1]
  .rodata            const    0x0800b8f0     0x8  system_stm32f1xx.o [1]
  .rodata            const    0x0800b8f8     0x8  tasks.o [1]
  .rodata            const    0x0800b900     0x6  xlocale_c.o [3]
  .rodata            const    0x0800b908     0x4  heap_4.o [1]
  .rodata            const    0x0800b90c     0x4  port.o [1]
  .rodata            const    0x0800b910     0x4  stm32f1xx_hal_rtc.o [1]
  .text              ro code  0x0800b914     0x4  startup_stm32f103xb.o [1]
  .text              ro code  0x0800b918     0x4  startup_stm32f103xb.o [1]
  .text              ro code  0x0800b91c     0x4  startup_stm32f103xb.o [1]
  .text              ro code  0x0800b920     0x4  startup_stm32f103xb.o [1]
  .text              ro code  0x0800b924     0x4  startup_stm32f103xb.o [1]
  .text              ro code  0x0800b928     0x4  startup_stm32f103xb.o [1]
  .text              ro code  0x0800b92c     0x4  startup_stm32f103xb.o [1]
  .text              ro code  0x0800b930     0x4  startup_stm32f103xb.o [1]
  .text              ro code  0x0800b934     0x4  startup_stm32f103xb.o [1]
  .text              ro code  0x0800b938     0x4  startup_stm32f103xb.o [1]
  .text              ro code  0x0800b93c     0x4  startup_stm32f103xb.o [1]
  .text              ro code  0x0800b940     0x4  startup_stm32f103xb.o [1]
  .text              ro code  0x0800b944     0x4  startup_stm32f103xb.o [1]
  .text              ro code  0x0800b948     0x4  startup_stm32f103xb.o [1]
  .text              ro code  0x0800b94c     0x4  startup_stm32f103xb.o [1]
  .text              ro code  0x0800b950     0x4  startup_stm32f103xb.o [1]
  .text              ro code  0x0800b954     0x4  startup_stm32f103xb.o [1]
  .text              ro code  0x0800b958     0x4  startup_stm32f103xb.o [1]
  .text              ro code  0x0800b95c     0x4  startup_stm32f103xb.o [1]
  .text              ro code  0x0800b960     0x4  startup_stm32f103xb.o [1]
  .text              ro code  0x0800b964     0x4  startup_stm32f103xb.o [1]
  .text              ro code  0x0800b968     0x4  startup_stm32f103xb.o [1]
  .text              ro code  0x0800b96c     0x4  startup_stm32f103xb.o [1]
  .text              ro code  0x0800b970     0x4  startup_stm32f103xb.o [1]
  .text              ro code  0x0800b974     0x4  startup_stm32f103xb.o [1]
  .text              ro code  0x0800b978     0x4  startup_stm32f103xb.o [1]
  .text              ro code  0x0800b97c     0x4  startup_stm32f103xb.o [1]
  .text              ro code  0x0800b980     0x4  startup_stm32f103xb.o [1]
  .text              ro code  0x0800b984     0x4  startup_stm32f103xb.o [1]
  .text              ro code  0x0800b988     0x4  startup_stm32f103xb.o [1]
  .text              ro code  0x0800b98c     0x4  startup_stm32f103xb.o [1]
  .text              ro code  0x0800b990     0x4  startup_stm32f103xb.o [1]
  .text              ro code  0x0800b994     0x4  startup_stm32f103xb.o [1]
  .text              ro code  0x0800b998     0x4  startup_stm32f103xb.o [1]
  .text              ro code  0x0800b99c     0x4  startup_stm32f103xb.o [1]
  .text              ro code  0x0800b9a0     0x4  startup_stm32f103xb.o [1]
  .text              ro code  0x0800b9a4     0x4  startup_stm32f103xb.o [1]
  .text              ro code  0x0800b9a8     0x4  startup_stm32f103xb.o [1]
  .rodata            const    0x0800b9ac     0x0  zero_init3.o [5]
  .rodata            const    0x0800b9ac     0x0  lz77_init_single.o [5]
  Initializer bytes  const    0x0800b9ac    0xa4  <for P2-1>
                            - 0x0800ba50  0xb964

"P2", part 1 of 3:                         0x12c
  P2-1                        0x20000000   0x12c  <Init block>
    .data            inited   0x20000000     0x4  main.o [1]
    .data            inited   0x20000004     0x4  port.o [1]
    .data            inited   0x20000008     0x8  stm32zet6_milestone_lcd.o [1]
    .data            inited   0x20000010     0x8  stm32zet6_milestone_lcd.o [1]
    .data            inited   0x20000018     0x8  stm32zet6_milestone_lcd.o [1]
    .data            inited   0x20000020     0x4  system_stm32f1xx.o [1]
    .data            inited   0x20000024     0x8  uc1701x.o [1]
    .data            inited   0x2000002c    0x38  uc1701x.o [1]
    .data            inited   0x20000064    0x38  xlocale_c.o [3]
    .data            inited   0x2000009c    0x48  xlocale_c.o [3]
    .data            inited   0x200000e4    0x48  xfiles.o [3]
                            - 0x2000012c   0x12c

"P2", part 2 of 3:                         0x400
  CSTACK                      0x20000130   0x400  <Block>
    CSTACK           uninit   0x20000130   0x400  <Block tail>
                            - 0x20000530   0x400

"P2", part 3 of 3:                        0x2928
  .bss               zero     0x20000530  0x1fa0  heap_4.o [1]
  .bss               zero     0x200024d0   0x400  uc1701x.o [1]
  .bss               zero     0x200028d0   0x1d0  stm32zet6_milestone_lcd.o [1]
  .bss               zero     0x20002aa0    0x8c  tasks.o [1]
  .bss               zero     0x20002b2c    0x80  uc1701x.o [1]
  .bss               zero     0x20002bac    0x58  main.o [1]
  .bss               zero     0x20002c04    0x50  xfiles.o [3]
  .bss               zero     0x20002c54    0x40  main.o [1]
  .bss               zero     0x20002c94    0x3c  main.o [1]
  .bss               zero     0x20002cd0    0x38  main.o [1]
  .bss               zero     0x20002d08    0x38  main.o [1]
  .bss               zero     0x20002d40    0x14  main.o [1]
  .bss               zero     0x20002d54    0x14  tasks.o [1]
  .bss               zero     0x20002d68    0x14  tasks.o [1]
  .bss               zero     0x20002d7c    0x14  tasks.o [1]
  .bss               zero     0x20002d90    0x14  tasks.o [1]
  .bss               zero     0x20002da4    0x14  tasks.o [1]
  .bss               zero     0x20002db8     0xc  stm32zet6_milestone_lcd.o [1]
  .bss               zero     0x20002dc4     0x8  heap_4.o [1]
  .bss               zero     0x20002dcc     0x8  uc1701x.o [1]
  .bss               zero     0x20002dd4     0x4  heap_4.o [1]
  .bss               zero     0x20002dd8     0x4  heap_4.o [1]
  .bss               zero     0x20002ddc     0x4  heap_4.o [1]
  .bss               zero     0x20002de0     0x4  heap_4.o [1]
  .bss               zero     0x20002de4     0x4  main.o [1]
  .bss               zero     0x20002de8     0x4  main.o [1]
  .bss               zero     0x20002dec     0x4  main.o [1]
  .bss               zero     0x20002df0     0x4  main.o [1]
  .bss               zero     0x20002df4     0x4  main.o [1]
  .bss               zero     0x20002df8     0x4  port.o [1]
  .bss               zero     0x20002dfc     0x4  stm32f1xx_hal.o [1]
  .bss               zero     0x20002e00     0x4  stm32zet6_milestone_lcd.o [1]
  .bss               zero     0x20002e04     0x4  tasks.o [1]
  .bss               zero     0x20002e08     0x4  tasks.o [1]
  .bss               zero     0x20002e0c     0x4  tasks.o [1]
  .bss               zero     0x20002e10     0x4  tasks.o [1]
  .bss               zero     0x20002e14     0x4  tasks.o [1]
  .bss               zero     0x20002e18     0x4  tasks.o [1]
  .bss               zero     0x20002e1c     0x4  tasks.o [1]
  .bss               zero     0x20002e20     0x4  tasks.o [1]
  .bss               zero     0x20002e24     0x4  tasks.o [1]
  .bss               zero     0x20002e28     0x4  tasks.o [1]
  .bss               zero     0x20002e2c     0x4  tasks.o [1]
  .bss               zero     0x20002e30     0x4  tasks.o [1]
  .bss               zero     0x20002e34     0x4  tasks.o [1]
  .bss               zero     0x20002e38     0x4  tasks.o [1]
  .bss               zero     0x20002e3c     0x4  xfail_s.o [3]
  .bss               zero     0x20002e40     0x2  bmp180.o [1]
  .bss               zero     0x20002e42     0x2  bmp180.o [1]
  .bss               zero     0x20002e44     0x2  bmp180.o [1]
  .bss               zero     0x20002e46     0x2  bmp180.o [1]
  .bss               zero     0x20002e48     0x2  bmp180.o [1]
  .bss               zero     0x20002e4a     0x2  bmp180.o [1]
  .bss               zero     0x20002e4c     0x2  bmp180.o [1]
  .bss               zero     0x20002e4e     0x2  bmp180.o [1]
  .bss               zero     0x20002e50     0x2  bmp180.o [1]
  .bss               zero     0x20002e52     0x2  bmp180.o [1]
  .bss               zero     0x20002e54     0x2  bmp180.o [1]
  .bss               zero     0x20002e56     0x1  port.o [1]
  .bss               zero     0x20002e57     0x1  stm32f1xx_hal_spi_ex.o [1]
                            - 0x20002e58  0x2928


*******************************************************************************
*** INIT TABLE
***

          Address     Size
          -------     ----
Zero (__iar_zero_init3)
    1 destination range, total size 0x2928:
          0x20000530  0x2928

Copy/lz77 (__iar_lz77_init_single3)
    1 source range, total size 0xa4 (54% of destination):
          0x0800b9ac    0xa4
    1 destination range, total size 0x12c:
          0x20000000   0x12c



*******************************************************************************
*** MODULE SUMMARY
***

    Module                     ro code  ro data  rw data
    ------                     -------  -------  -------
D:\development\ST\stm32\src_code\jlx12864_uc1701x\hello_lcd\EWARM\hello_lcd\Obj: [1]
    bmp180.o                       876       60       22
    cmsis_os.o                     224
    heap_4.o                       584       36    8 120
    list.o                         152
    main.o                       1 884      942      368
    port.o                         456        6        9
    portasm.o                      148
    startup_stm32f103xb.o          404
    stm32f1xx_hal.o                130                 4
    stm32f1xx_hal_cortex.o         424      116
    stm32f1xx_hal_dma.o          1 116      116
    stm32f1xx_hal_gpio.o         1 020      116
    stm32f1xx_hal_i2c.o          2 542      116
    stm32f1xx_hal_msp.o            712       84
    stm32f1xx_hal_pwr.o             24
    stm32f1xx_hal_rcc.o          3 232      134
    stm32f1xx_hal_rcc_ex.o         740      134
    stm32f1xx_hal_rtc.o          2 320      120
    stm32f1xx_hal_rtc_ex.o         148      116
    stm32f1xx_hal_spi.o            928      116
    stm32f1xx_hal_spi_ex.o         460      116        1
    stm32f1xx_hal_uart.o         1 986      116
    stm32f1xx_it.o                  96
    stm32zet6_milestone.o          252
    stm32zet6_milestone_lcd.o    1 904   10 677      504
    system_stm32f1xx.o             104       26        4
    tasks.o                      1 908        8      296
    uc1701x.o                    1 418       35    1 224
    ----------------------------------------------------
    Total:                      26 192   13 190   10 552

command line: [2]
    ----------------------------------------------------
    Total:

dl7M_tlf.a: [3]
    abort.o                          6
    exit.o                           4
    low_level_init.o                 4
    printf.o                        40
    putchar.o                       12
    xencoding_8859_1.o              30
    xfail_s.o                       68                 4
    xfiles.o                                 40      152
    xlocale_c.o                    124       76      128
    xmbcurmax.o                     10
    xprintffull.o                3 918
    xprout.o                        22
    ----------------------------------------------------
    Total:                       4 238      116      284

m7M_tl.a: [4]
    DblAdd.o                       360
    DblCmpGe.o                      46
    DblCmpLe.o                      46
    DblDiv.o                       582
    DblMul.o                       418
    DblSub.o                       226
    DblToFlt.o                     104
    DblToS32.o                      58
    DblToU32.o                      40
    FltAdd.o                       214
    FltCmpLe.o                      36
    FltMul.o                       216
    FltSub.o                       128
    FltToS32.o                      42
    S32ToDbl.o                      34
    U32ToDbl.o                      26
    U32ToFlt.o                      28
    frexp.o                        112
    ldexp.o                        314
    ----------------------------------------------------
    Total:                       3 030

rt7M_tl.a: [5]
    ABImemcpy.o                    166
    I64DivMod.o                    238
    I64DivZer.o                      2
    XXexit.o                        12
    cexit.o                         10
    cmain.o                         26
    cstartup_M.o                    12
    data_init.o                     40
    lz77_init_single.o             122
    memchr.o                        88
    strchr.o                        22
    strlen.o                        54
    zero_init3.o                    64
    ----------------------------------------------------
    Total:                         856

    Gaps                            38        4
    Linker created                           32    1 024
--------------------------------------------------------
    Grand Total:                34 354   13 342   11 860


*******************************************************************************
*** ENTRY LIST
***

Entry                      Address    Size  Type      Object
-----                      -------    ----  ----      ------
.iar.init_table$$Base   0x0800b6c0           --   Gb  - Linker created -
.iar.init_table$$Limit  0x0800b6e0           --   Gb  - Linker created -
?main                   0x0800b741          Code  Gb  cmain.o [5]
AHBPrescTable           0x0800b830    0x10  Data  Gb  system_stm32f1xx.o [1]
APBPrescTable           0x0800b8f0     0x8  Data  Gb  system_stm32f1xx.o [1]
BSP_BMP180_IO_INIT      0x08008061     0x2  Code  Gb  stm32zet6_milestone.o [1]
BSP_BMP180_IO_READ_MULTIPLE_DATA
                        0x08008089    0x1c  Code  Gb  stm32zet6_milestone.o [1]
BSP_BMP180_IO_WRITE_MULTIPLE_DATA
                        0x0800806d    0x1c  Code  Gb  stm32zet6_milestone.o [1]
BSP_BMP180_init         0x080080f9     0x8  Code  Gb  stm32zet6_milestone.o [1]
BSP_BMP180_read_true_temperature_and_pressure
                        0x08008101     0x8  Code  Gb  stm32zet6_milestone.o [1]
BSP_BMP_DELAY           0x08008063     0xa  Code  Gb  stm32zet6_milestone.o [1]
BSP_LCD_DisplayChar     0x08004cbd    0x36  Code  Gb  stm32zet6_milestone_lcd.o [1]
BSP_LCD_DisplayStringAt
                        0x08004cf3    0xe2  Code  Gb  stm32zet6_milestone_lcd.o [1]
BSP_LCD_DisplayStringAtXposLine
                        0x08004dd5    0x22  Code  Gb  stm32zet6_milestone_lcd.o [1]
BSP_LCD_DisplayUint16DecAtXposLine
                        0x0800510d    0xfc  Code  Gb  stm32zet6_milestone_lcd.o [1]
BSP_LCD_DisplayfloatAtXposLine
                        0x08005209   0x170  Code  Gb  stm32zet6_milestone_lcd.o [1]
BSP_LCD_DrawBitmap      0x08004ef7    0x68  Code  Gb  stm32zet6_milestone_lcd.o [1]
BSP_LCD_DrawHLine       0x08004df7    0x58  Code  Gb  stm32zet6_milestone_lcd.o [1]
BSP_LCD_DrawRect        0x08004ea7    0x50  Code  Gb  stm32zet6_milestone_lcd.o [1]
BSP_LCD_DrawVLine       0x08004e4f    0x58  Code  Gb  stm32zet6_milestone_lcd.o [1]
BSP_LCD_GetFont         0x08004cb5     0x8  Code  Gb  stm32zet6_milestone_lcd.o [1]
BSP_LCD_GetXSize        0x08004c7d     0xe  Code  Gb  stm32zet6_milestone_lcd.o [1]
BSP_LCD_GetYSize        0x08004c8b     0xe  Code  Gb  stm32zet6_milestone_lcd.o [1]
BSP_LCD_Init            0x08004c29    0x54  Code  Gb  stm32zet6_milestone_lcd.o [1]
BSP_LCD_SetBackColor    0x08004ca3     0xa  Code  Gb  stm32zet6_milestone_lcd.o [1]
BSP_LCD_SetFont         0x08004cad     0x8  Code  Gb  stm32zet6_milestone_lcd.o [1]
BSP_LCD_SetTextColor    0x08004c99     0xa  Code  Gb  stm32zet6_milestone_lcd.o [1]
BusFault_Handler        0x0800b2ef     0x2  Code  Gb  stm32f1xx_it.o [1]
CSTACK$$Base            0x20000130           --   Gb  - Linker created -
CSTACK$$Limit           0x20000530           --   Gb  - Linker created -
CacheMore               0x08002b71    0x24  Code  Lc  xlocale_c.o [3]
DMA1_Channel2_IRQHandler
                        0x0800b30b     0xa  Code  Gb  stm32f1xx_it.o [1]
DMA1_Channel3_IRQHandler
                        0x0800b315     0xa  Code  Gb  stm32f1xx_it.o [1]
DebugMon_Handler        0x0800b2f3     0x2  Code  Gb  stm32f1xx_it.o [1]
DrawProp                0x20002db8     0xc  Data  Gb  stm32zet6_milestone_lcd.o [1]
Font16                  0x20000010     0x8  Data  Gb  stm32zet6_milestone_lcd.o [1]
Font16_Table            0x08009eac   0xbe0  Data  Gb  stm32zet6_milestone_lcd.o [1]
Font24                  0x20000008     0x8  Data  Gb  stm32zet6_milestone_lcd.o [1]
Font24_Table            0x080000ec  0x1ab8  Data  Gb  stm32zet6_milestone_lcd.o [1]
Font8                   0x20000018     0x8  Data  Gb  stm32zet6_milestone_lcd.o [1]
Font8_Table             0x0800aa8c   0x2f8  Data  Gb  stm32zet6_milestone_lcd.o [1]
HAL_DMA_IRQHandler      0x08009771   0x2c2  Code  Gb  stm32f1xx_hal_dma.o [1]
HAL_DMA_Init            0x08009601   0x170  Code  Gb  stm32f1xx_hal_dma.o [1]
HAL_Delay               0x08004b99    0x1a  Code  Wk  stm32f1xx_hal.o [1]
HAL_GPIO_Init           0x0800761d   0x370  Code  Gb  stm32f1xx_hal_gpio.o [1]
HAL_GPIO_WritePin       0x0800798d    0x42  Code  Gb  stm32f1xx_hal_gpio.o [1]
HAL_GetTick             0x08004b8d     0xc  Code  Wk  stm32f1xx_hal.o [1]
HAL_I2C_Init            0x08005905   0x198  Code  Gb  stm32f1xx_hal_i2c.o [1]
HAL_I2C_Master_Receive  0x08005bd3   0x248  Code  Gb  stm32f1xx_hal_i2c.o [1]
HAL_I2C_Master_Transmit
                        0x08005a9d   0x136  Code  Gb  stm32f1xx_hal_i2c.o [1]
HAL_I2C_MspInit         0x0800818f    0x62  Code  Gb  stm32f1xx_hal_msp.o [1]
HAL_IncTick             0x0800b349    0x10  Code  Wk  stm32f1xx_hal.o [1]
HAL_Init                0x08004c01    0x22  Code  Gb  stm32f1xx_hal.o [1]
HAL_InitTick            0x08004bb3    0x24  Code  Wk  stm32f1xx_hal.o [1]
HAL_MspInit             0x08008109    0x86  Code  Gb  stm32f1xx_hal_msp.o [1]
HAL_NVIC_EnableIRQ      0x08005887    0x1c  Code  Gb  stm32f1xx_hal_cortex.o [1]
HAL_NVIC_SetPriority    0x0800584d    0x3a  Code  Gb  stm32f1xx_hal_cortex.o [1]
HAL_NVIC_SetPriorityGrouping
                        0x08005825    0x28  Code  Gb  stm32f1xx_hal_cortex.o [1]
HAL_PWR_EnableBkUpAccess
                        0x080095e9    0x14  Code  Gb  stm32f1xx_hal_pwr.o [1]
HAL_RCCEx_GetPeriphCLKFreq
                        0x08005619   0x110  Code  Gb  stm32f1xx_hal_rcc_ex.o [1]
HAL_RCCEx_PeriphCLKConfig
                        0x08005479   0x1a0  Code  Gb  stm32f1xx_hal_rcc_ex.o [1]
HAL_RCC_ClockConfig     0x0800400b   0x316  Code  Gb  stm32f1xx_hal_rcc.o [1]
HAL_RCC_GetHCLKFreq     0x080043ad     0x6  Code  Gb  stm32f1xx_hal_rcc.o [1]
HAL_RCC_GetPCLK1Freq    0x080043b9    0x20  Code  Gb  stm32f1xx_hal_rcc.o [1]
HAL_RCC_GetPCLK2Freq    0x080043d9    0x20  Code  Gb  stm32f1xx_hal_rcc.o [1]
HAL_RCC_GetSysClockFreq
                        0x08004331    0x7c  Code  Gb  stm32f1xx_hal_rcc.o [1]
HAL_RCC_OscConfig       0x08003791   0x87a  Code  Gb  stm32f1xx_hal_rcc.o [1]
HAL_RTCEx_BKUPRead      0x08006c6b    0x22  Code  Gb  stm32f1xx_hal_rtc_ex.o [1]
HAL_RTCEx_BKUPWrite     0x08006c49    0x22  Code  Gb  stm32f1xx_hal_rtc_ex.o [1]
HAL_RTCEx_RTCIRQHandler
                        0x08006c05    0x44  Code  Gb  stm32f1xx_hal_rtc_ex.o [1]
HAL_RTC_GetDate         0x08006829    0x74  Code  Gb  stm32f1xx_hal_rtc.o [1]
HAL_RTC_GetTime         0x08006581   0x122  Code  Gb  stm32f1xx_hal_rtc.o [1]
HAL_RTC_Init            0x080062f5   0x138  Code  Gb  stm32f1xx_hal_rtc.o [1]
HAL_RTC_MspInit         0x080081f1    0x4a  Code  Gb  stm32f1xx_hal_msp.o [1]
HAL_RTC_SetDate         0x080066a3   0x186  Code  Gb  stm32f1xx_hal_rtc.o [1]
HAL_RTC_SetTime         0x0800642d   0x154  Code  Gb  stm32f1xx_hal_rtc.o [1]
HAL_RTC_WaitForSynchro  0x080068b5    0x3e  Code  Gb  stm32f1xx_hal_rtc.o [1]
HAL_SPI_IRQHandler      0x080090c9    0xc0  Code  Gb  stm32f1xx_hal_spi.o [1]
HAL_SPI_Init            0x08006c95   0x1ba  Code  Gb  stm32f1xx_hal_spi_ex.o [1]
HAL_SPI_MspInit         0x0800823b    0xf6  Code  Gb  stm32f1xx_hal_msp.o [1]
HAL_SPI_Transmit        0x08008edd   0x1e6  Code  Gb  stm32f1xx_hal_spi.o [1]
HAL_SYSTICK_CLKSourceConfig
                        0x080058ab    0x36  Code  Gb  stm32f1xx_hal_cortex.o [1]
HAL_SYSTICK_Config      0x080058a3     0x8  Code  Gb  stm32f1xx_hal_cortex.o [1]
HAL_UART_IRQHandler     0x080070cf   0x102  Code  Gb  stm32f1xx_hal_uart.o [1]
HAL_UART_Init           0x08006e61   0x11c  Code  Gb  stm32f1xx_hal_uart.o [1]
HAL_UART_MspInit        0x08008331    0x64  Code  Gb  stm32f1xx_hal_msp.o [1]
HAL_UART_Transmit       0x08006f7d    0xea  Code  Gb  stm32f1xx_hal_uart.o [1]
HAL_UART_Transmit_IT    0x08007067    0x68  Code  Gb  stm32f1xx_hal_uart.o [1]
HardFault_Handler       0x0800b2eb     0x2  Code  Gb  stm32f1xx_it.o [1]
I2C_Configure_Speed     0x08005fd7    0x54  Code  Lc  stm32f1xx_hal_i2c.o [1]
I2C_IsAcknowledgeFailed
                        0x080062c7    0x2c  Code  Lc  stm32f1xx_hal_i2c.o [1]
I2C_MasterRequestRead   0x08005ed1   0x106  Code  Lc  stm32f1xx_hal_i2c.o [1]
I2C_MasterRequestWrite  0x08005e3d    0x94  Code  Lc  stm32f1xx_hal_i2c.o [1]
I2C_WaitOnBTFFlagUntilTimeout
                        0x0800620d    0x52  Code  Lc  stm32f1xx_hal_i2c.o [1]
I2C_WaitOnFlagUntilTimeout
                        0x08006039    0xde  Code  Lc  stm32f1xx_hal_i2c.o [1]
I2C_WaitOnMasterAddressFlagUntilTimeout
                        0x08006117    0xa4  Code  Lc  stm32f1xx_hal_i2c.o [1]
I2C_WaitOnRXNEFlagUntilTimeout
                        0x0800625f    0x68  Code  Lc  stm32f1xx_hal_i2c.o [1]
I2C_WaitOnTXEFlagUntilTimeout
                        0x080061bb    0x52  Code  Lc  stm32f1xx_hal_i2c.o [1]
LCD_DrawChar            0x08004f7b   0x15e  Code  Lc  stm32zet6_milestone_lcd.o [1]
LCD_DrawPixel           0x08004f5f    0x1c  Code  Lc  stm32zet6_milestone_lcd.o [1]
LCD_SetDisplayWindow    0x080050d9    0x1e  Code  Lc  stm32zet6_milestone_lcd.o [1]
LoadInt                 0x08001d73    0x7a  Code  Lc  xprintffull.o [3]
MX_DMA_Init             0x080047d7    0x3c  Code  Lc  main.o [1]
MX_GPIO_Init            0x08004813    0xbc  Code  Lc  main.o [1]
MX_I2C1_Init            0x080045d5    0x6a  Code  Lc  main.o [1]
MX_RTC_Init             0x0800463f    0xbe  Code  Lc  main.o [1]
MX_SPI1_Init            0x080046fd    0x82  Code  Lc  main.o [1]
MX_USART1_UART_Init     0x0800477f    0x58  Code  Lc  main.o [1]
MemManage_Handler       0x0800b2ed     0x2  Code  Gb  stm32f1xx_it.o [1]
NMI_Handler             0x0800b2e9     0x2  Code  Gb  stm32f1xx_it.o [1]
NVIC_EnableIRQ          0x08005783    0x14  Code  Lc  stm32f1xx_hal_cortex.o [1]
NVIC_EncodePriority     0x080057b9    0x3e  Code  Lc  stm32f1xx_hal_cortex.o [1]
NVIC_GetPriorityGrouping
                        0x08005779     0xa  Code  Lc  stm32f1xx_hal_cortex.o [1]
NVIC_SetPriority        0x08005797    0x22  Code  Lc  stm32f1xx_hal_cortex.o [1]
NVIC_SetPriorityGrouping
                        0x0800575d    0x1c  Code  Lc  stm32f1xx_hal_cortex.o [1]
PendSV_Handler          0x08009b35          Code  Gb  portasm.o [1]
RTC_Bcd2ToByte          0x08006a37    0x1a  Code  Lc  stm32f1xx_hal_rtc.o [1]
RTC_ByteToBcd2          0x08006a21    0x16  Code  Lc  stm32f1xx_hal_rtc.o [1]
RTC_DateUpdate          0x08006a51    0xe4  Code  Lc  stm32f1xx_hal_rtc.o [1]
RTC_EnterInitMode       0x080069b5    0x36  Code  Lc  stm32f1xx_hal_rtc.o [1]
RTC_ExitInitMode        0x080069eb    0x36  Code  Lc  stm32f1xx_hal_rtc.o [1]
RTC_IRQHandler          0x0800b301     0xa  Code  Gb  stm32f1xx_it.o [1]
RTC_IsLeapYear          0x08006b35    0x42  Code  Lc  stm32f1xx_hal_rtc.o [1]
RTC_ReadAlarmCounter    0x08006967    0x18  Code  Lc  stm32f1xx_hal_rtc.o [1]
RTC_ReadTimeCounter     0x080068f3    0x3e  Code  Lc  stm32f1xx_hal_rtc.o [1]
RTC_WeekDayNum          0x08006b77    0x8e  Code  Lc  stm32f1xx_hal_rtc.o [1]
RTC_WriteAlarmCounter   0x0800697f    0x36  Code  Lc  stm32f1xx_hal_rtc.o [1]
RTC_WriteTimeCounter    0x08006931    0x36  Code  Lc  stm32f1xx_hal_rtc.o [1]
Region$$Table$$Base     0x0800b6c0           --   Gb  - Linker created -
Region$$Table$$Limit    0x0800b6e0           --   Gb  - Linker created -
SPI1_IRQHandler         0x0800b31f     0xa  Code  Gb  stm32f1xx_it.o [1]
SPI_WaitOnFlagUntilTimeout
                        0x08009189    0xf2  Code  Lc  stm32f1xx_hal_spi.o [1]
SVC_Handler             0x08009b87          Code  Gb  portasm.o [1]
StartDefaultTask        0x08004a3f    0x5a  Code  Gb  main.o [1]
StartDefaultTask::__func__
                        0x0800b790    0x14  Data  Lc  main.o [1]
SysTick_Config          0x080057f7    0x2e  Code  Lc  stm32f1xx_hal_cortex.o [1]
SysTick_Handler         0x0800b2f5     0xc  Code  Gb  stm32f1xx_it.o [1]
SystemClock_Config      0x08004527    0xae  Code  Gb  main.o [1]
SystemCoreClock         0x20000020     0x4  Data  Gb  system_stm32f1xx.o [1]
SystemInit              0x0800b281    0x4e  Code  Gb  system_stm32f1xx.o [1]
UART_EndTransmit_IT     0x08007333    0x2c  Code  Lc  stm32f1xx_hal_uart.o [1]
UART_Receive_IT         0x0800735f    0xbe  Code  Lc  stm32f1xx_hal_uart.o [1]
UART_SetConfig          0x0800741d   0x1ee  Code  Lc  stm32f1xx_hal_uart.o [1]
UART_Transmit_IT        0x080072c3    0x70  Code  Lc  stm32f1xx_hal_uart.o [1]
UART_WaitOnFlagUntilTimeout
                        0x080071e1    0xe2  Code  Lc  stm32f1xx_hal_uart.o [1]
USART1_IRQHandler       0x0800b329     0xa  Code  Gb  stm32f1xx_it.o [1]
UsageFault_Handler      0x0800b2f1     0x2  Code  Gb  stm32f1xx_it.o [1]
_Encoding_8859_1_Mbrlen
                        0x08002c11     0x2  Code  Gb  xencoding_8859_1.o [3]
_Encoding_8859_1_Wctomb
                        0x08002bff    0x12  Code  Gb  xencoding_8859_1.o [3]
_Error_Handler          0x08004a99     0x2  Code  Gb  main.o [1]
_GenldFull              0x080027eb   0x256  Code  Lc  xprintffull.o [3]
_LdtobFull              0x080023c3   0x3fe  Code  Lc  xprintffull.o [3]
_LitobFull              0x08002273   0x10a  Code  Lc  xprintffull.o [3]
_Locale_lconv           0x20000064    0x38  Data  Lc  xlocale_c.o [3]
_PrintfFull             0x08001ba5   0x1b6  Code  Gb  xprintffull.o [3]
_Prout                  0x0800b76f    0x16  Code  Gb  xprout.o [3]
_PutcharsFull           0x08002a41    0x2e  Code  Lc  xprintffull.o [3]
_PutfldFull             0x08001ded   0x2d0  Code  Lc  xprintffull.o [3]
_PutstrFull             0x080021b3    0xc0  Code  Lc  xprintffull.o [3]
_PuttxtFull             0x080020bd    0xf6  Code  Lc  xprintffull.o [3]
__aeabi_cdcmple         0x080030a9          Code  Gb  DblCmpLe.o [4]
__aeabi_cdrcmple        0x080030d9          Code  Gb  DblCmpGe.o [4]
__aeabi_cfcmple         0x080083d1          Code  Gb  FltCmpLe.o [4]
__aeabi_d2f             0x08007a19          Code  Gb  DblToFlt.o [4]
__aeabi_d2iz            0x08003245          Code  Gb  DblToS32.o [4]
__aeabi_d2uiz           0x080035d1          Code  Gb  DblToU32.o [4]
__aeabi_ddiv            0x08003389          Code  Gb  DblDiv.o [4]
__aeabi_dmul            0x08002e95          Code  Gb  DblMul.o [4]
__aeabi_dsub            0x080032a5          Code  Gb  DblSub.o [4]
__aeabi_f2iz            0x080084cd          Code  Gb  FltToS32.o [4]
__aeabi_fmul            0x080083f5          Code  Gb  FltMul.o [4]
__aeabi_fsub            0x08008515          Code  Gb  FltSub.o [4]
__aeabi_i2d             0x08003281          Code  Gb  S32ToDbl.o [4]
__aeabi_ldiv0           0x08003619          Code  Gb  I64DivZer.o [5]
__aeabi_memcpy          0x08002cfd          Code  Gb  ABImemcpy.o [5]
__aeabi_memcpy4         0x08002d1d          Code  Gb  ABImemcpy.o [5]
__aeabi_memcpy8         0x08002d1d          Code  Gb  ABImemcpy.o [5]
__aeabi_ui2d            0x080035f9          Code  Gb  U32ToDbl.o [4]
__aeabi_ui2f            0x080084f9          Code  Gb  U32ToFlt.o [4]
__aeabi_uldivmod        0x08002da5          Code  Gb  I64DivMod.o [5]
__cmain                 0x0800b741          Code  Gb  cmain.o [5]
__exit                  0x08003785          Code  Gb  XXexit.o [5]
__iar_Fail_s            0x08002c1d    0x1e  Code  Gb  xfail_s.o [3]
__iar_Mbcurmax          0x08002cf1     0xa  Code  Gb  xmbcurmax.o [3]
__iar_Memchr            0x08002c99          Code  Gb  memchr.o [5]
__iar_Stdout            0x200000e4    0x48  Data  Gb  xfiles.o [3]
__iar_Strchr            0x08002be9          Code  Gb  strchr.o [5]
__iar_dadd              0x080032b5          Code  Gb  DblSub.o [4]
__iar_data_init3        0x0800b699    0x28  Code  Gb  data_init.o [5]
__iar_dsub              0x0800361d          Code  Gb  DblAdd.o [4]
__iar_dsubStart         0x0800362f          Code  Gb  DblAdd.o [4]
__iar_fadd              0x08008521          Code  Gb  FltSub.o [4]
__iar_frexp             0x08003045          Code  Gb  frexp.o [4]
__iar_frexp64           0x08003039          Code  Gb  frexp.o [4]
__iar_frexpl            0x08003045          Code  Gb  frexp.o [4]
__iar_fsub              0x08009a5d          Code  Gb  FltAdd.o [4]
__iar_fsubStart         0x08009a6d          Code  Gb  FltAdd.o [4]
__iar_globLocale        0x2000009c    0x48  Data  Lc  xlocale_c.o [3]
__iar_global_Locale     0x08002b6d     0x4  Code  Gb  xlocale_c.o [3]
__iar_ldexp64           0x08003109          Code  Gb  ldexp.o [4]
__iar_lz77_init_single3
                        0x08002af3    0x7a  Code  Gb  lz77_init_single.o [5]
__iar_program_start     0x0800b8a5          Code  Gb  cstartup_M.o [5]
__iar_scalbln64         0x08003109          Code  Gb  ldexp.o [4]
__iar_scalbn64          0x08003109          Code  Gb  ldexp.o [4]
__iar_systems$$module {Abs}
                        0x00000001          Data  Gb  command line/config [2]
__iar_zero_init3        0x0800b4dd    0x40  Code  Gb  zero_init3.o [5]
__low_level_init        0x0800b75b     0x4  Code  Gb  low_level_init.o [3]
__vector_table          0x08000000          Data  Gb  startup_stm32f103xb.o [1]
_call_main              0x0800b74d          Code  Gb  cmain.o [5]
_exit                   0x0800b765          Code  Gb  cexit.o [5]
_gLocale_mblen          0x08002bd1     0x4  Code  Gb  xlocale_c.o [3]
_gLocale_mblenInt       0x08002b95    0x2c  Code  Gb  xlocale_c.o [3]
_gLocale_wctomb         0x08002bd5     0x4  Code  Gb  xlocale_c.o [3]
_gLocale_wctombInt      0x08002bcd     0x4  Code  Gb  xlocale_c.o [3]
_main                   0x0800b757          Code  Gb  cmain.o [5]
abort                   0x08003613     0x6  Code  Gb  abort.o [3]
ac1                     0x20002e40     0x2  Data  Gb  bmp180.o [1]
ac2                     0x20002e42     0x2  Data  Gb  bmp180.o [1]
ac3                     0x20002e44     0x2  Data  Gb  bmp180.o [1]
ac4                     0x20002e50     0x2  Data  Gb  bmp180.o [1]
ac5                     0x20002e52     0x2  Data  Gb  bmp180.o [1]
ac6                     0x20002e54     0x2  Data  Gb  bmp180.o [1]
array_RGB               0x20002b2c    0x80  Data  Gb  uc1701x.o [1]
assert_failed           0x08004a9b    0x14  Code  Gb  main.o [1]
assert_failed::__func__
                        0x0800b800    0x10  Data  Lc  main.o [1]
b1                      0x20002e46     0x2  Data  Gb  bmp180.o [1]
b2                      0x20002e48     0x2  Data  Gb  bmp180.o [1]
bitmap                  0x200028d0   0x1d0  Data  Lc  stm32zet6_milestone_lcd.o [1]
bmp180_init             0x0800930b   0x138  Code  Gb  bmp180.o [1]
bmp180_init::__func__   0x0800b850     0xc  Data  Lc  bmp180.o [1]
bmp180_is_conversion_complete
                        0x080092ed    0x1e  Code  Lc  bmp180.o [1]
bmp180_read             0x080092bd    0x1e  Code  Lc  bmp180.o [1]
bmp180_read_id          0x080092db    0x12  Code  Lc  bmp180.o [1]
bmp180_read_true_temperature_and_pressure
                        0x080094cd    0xe4  Code  Gb  bmp180.o [1]
bmp180_read_uncompensated_pressure
                        0x08009483    0x4a  Code  Lc  bmp180.o [1]
bmp180_read_uncompensated_temperature
                        0x08009443    0x40  Code  Lc  bmp180.o [1]
bmp180_write            0x0800927d    0x40  Code  Lc  bmp180.o [1]
cursor                  0x20002dcc     0x8  Data  Gb  uc1701x.o [1]
defaultTaskHandle       0x20002de4     0x4  Data  Gb  main.o [1]
display_ram             0x200024d0   0x400  Data  Gb  uc1701x.o [1]
exit                    0x0800b75f     0x4  Code  Gb  exit.o [3]
fireware_ver            0x20000000     0x4  Data  Gb  main.o [1]
fputc                   0x080048cf    0x12  Code  Gb  main.o [1]
frexp                   0x08003039          Code  Gb  frexp.o [4]
frexpl                  0x08003039          Code  Gb  frexp.o [4]
get_time_Task           0x080048e1   0x146  Code  Gb  main.o [1]
gettimeTaskHandle       0x20002de8     0x4  Data  Gb  main.o [1]
hdma_spi1_rx            0x20002cd0    0x38  Data  Gb  main.o [1]
hdma_spi1_tx            0x20002d08    0x38  Data  Gb  main.o [1]
hi2c1                   0x20002c94    0x3c  Data  Gb  main.o [1]
hrtc                    0x20002d40    0x14  Data  Gb  main.o [1]
hspi1                   0x20002bac    0x58  Data  Gb  main.o [1]
huart1                  0x20002c54    0x40  Data  Gb  main.o [1]
inHandlerMode           0x080053bb    0x12  Code  Lc  cmsis_os.o [1]
is_cursor_in_display_window
                        0x08007cff    0x44  Code  Lc  uc1701x.o [1]
lcdTaskHandle           0x20002dec     0x4  Data  Gb  main.o [1]
lcd_Task                0x08004a27    0x18  Code  Gb  main.o [1]
lcd_cs_high             0x08008045     0xe  Code  Lc  stm32zet6_milestone.o [1]
lcd_cs_low              0x08008053     0xe  Code  Lc  stm32zet6_milestone.o [1]
lcd_drv                 0x20002e00     0x4  Data  Lc  stm32zet6_milestone_lcd.o [1]
lcd_io_init             0x080080a5    0x14  Code  Gb  stm32zet6_milestone.o [1]
lcd_io_write_cmd        0x080080b9    0x16  Code  Gb  stm32zet6_milestone.o [1]
lcd_io_write_multiple_data
                        0x080080cf    0x1c  Code  Gb  stm32zet6_milestone.o [1]
lcd_rs_high             0x0800800d     0xe  Code  Lc  stm32zet6_milestone.o [1]
lcd_rs_low              0x0800801b     0xe  Code  Lc  stm32zet6_milestone.o [1]
lcd_rst_high            0x08008029     0xe  Code  Lc  stm32zet6_milestone.o [1]
lcd_rst_low             0x08008037     0xe  Code  Lc  stm32zet6_milestone.o [1]
ldexp                   0x08003109          Code  Gb  ldexp.o [4]
ldexpl                  0x08003109          Code  Gb  ldexp.o [4]
localeconv              0x08002bd9     0x4  Code  Gb  xlocale_c.o [3]
main                    0x08004457    0xd0  Code  Gb  main.o [1]
main::__func__          0x0800b8b8     0x8  Data  Lc  main.o [1]
makeCmsisPriority       0x080053ad     0xe  Code  Lc  cmsis_os.o [1]
makeFreeRtosPriority    0x08005399    0x14  Code  Lc  cmsis_os.o [1]
mb                      0x20002e4a     0x2  Data  Gb  bmp180.o [1]
mc                      0x20002e4c     0x2  Data  Gb  bmp180.o [1]
md                      0x20002e4e     0x2  Data  Gb  bmp180.o [1]
memchr                  0x08002c99          Code  Gb  memchr.o [5]
obuf                    0x20002c04    0x50  Data  Lc  xfiles.o [3]
osDelay                 0x08005453    0x16  Code  Gb  cmsis_os.o [1]
osKernelStart           0x080053cd     0xa  Code  Gb  cmsis_os.o [1]
osKernelSysTick         0x080053d7    0x16  Code  Gb  cmsis_os.o [1]
osSystickHandler        0x08005469    0x10  Code  Gb  cmsis_os.o [1]
osThreadCreate          0x080053ed    0x3a  Code  Gb  cmsis_os.o [1]
osThreadGetId           0x08005427     0x8  Code  Gb  cmsis_os.o [1]
osThreadGetPriority     0x0800542f    0x24  Code  Gb  cmsis_os.o [1]
pcInterruptPriorityRegisters
                        0x0800b90c     0x4  Data  Lc  port.o [1]
printf                  0x08004bd9    0x28  Code  Gb  printf.o [3]
prvAddCurrentTaskToDelayedList
                        0x08008bd1    0x4c  Code  Lc  tasks.o [1]
prvAllocateTCBAndStack  0x08008c1d    0x36  Code  Lc  tasks.o [1]
prvCheckTasksWaitingTermination
                        0x08008b6d    0x64  Code  Lc  tasks.o [1]
prvDeleteTCB            0x08008c53    0x12  Code  Lc  tasks.o [1]
prvHeapInit             0x08009dc5    0x66  Code  Lc  heap_4.o [1]
prvIdleTask             0x08008a89    0x16  Code  Lc  tasks.o [1]
prvInitialiseTCBVariables
                        0x08008ab5    0x58  Code  Lc  tasks.o [1]
prvInitialiseTaskLists  0x08008b0d    0x56  Code  Lc  tasks.o [1]
prvInsertBlockIntoFreeList
                        0x08009e2b    0x5c  Code  Lc  heap_4.o [1]
prvResetNextTaskUnblockTime
                        0x08008c65    0x2c  Code  Lc  tasks.o [1]
prvTaskExitError        0x08008d25    0x18  Code  Lc  port.o [1]
putchar                 0x0800b785     0xc  Code  Gb  putchar.o [3]
pvPortMalloc            0x08009c61   0x102  Code  Gb  heap_4.o [1]
pxCurrentTCB            0x20002e04     0x4  Data  Gb  tasks.o [1]
pxDelayedTaskList       0x20002e08     0x4  Data  Lc  tasks.o [1]
pxEnd                   0x20002dd4     0x4  Data  Lc  heap_4.o [1]
pxOverflowDelayedTaskList
                        0x20002e0c     0x4  Data  Lc  tasks.o [1]
pxPortInitialiseStack   0x08008d09    0x1c  Code  Gb  port.o [1]
pxReadyTasksLists       0x20002aa0    0x8c  Data  Lc  tasks.o [1]
scalbln                 0x08003109          Code  Gb  ldexp.o [4]
scalblnl                0x08003109          Code  Gb  ldexp.o [4]
scalbn                  0x08003109          Code  Gb  ldexp.o [4]
scalbnl                 0x08003109          Code  Gb  ldexp.o [4]
scale                   0x0800237d    0x46  Code  Lc  xprintffull.o [3]
sec_hand                0x20002e3c     0x4  Data  Lc  xfail_s.o [3]
strchr                  0x08002be9          Code  Gb  strchr.o [5]
strlen                  0x08002c61          Code  Gb  strlen.o [5]
true_p                  0x20002df4     0x4  Data  Gb  main.o [1]
true_t                  0x20002df0     0x4  Data  Gb  main.o [1]
uCRCErrorWorkaroundCheck
                        0x20002e57     0x1  Data  Gb  stm32f1xx_hal_spi_ex.o [1]
uc1701x_display_off     0x08007e79     0xa  Code  Lc  uc1701x.o [1]
uc1701x_display_on      0x08007e6f     0xa  Code  Lc  uc1701x.o [1]
uc1701x_drv             0x2000002c    0x38  Data  Gb  uc1701x.o [1]
uc1701x_get_lcd_pixel_height
                        0x08007f8f     0x4  Code  Lc  uc1701x.o [1]
uc1701x_get_lcd_pixel_width
                        0x08007f8b     0x4  Code  Lc  uc1701x.o [1]
uc1701x_init            0x08007e25    0x44  Code  Lc  uc1701x.o [1]
uc1701x_read_id         0x08007e69     0x6  Code  Lc  uc1701x.o [1]
uc1701x_refresh_screen  0x08007de9    0x3c  Code  Gb  uc1701x.o [1]
uc1701x_virtual_cursor_update
                        0x08007a95   0x26a  Code  Lc  uc1701x.o [1]
uc1701x_virtual_draw_bit_map
                        0x08007f93    0x46  Code  Lc  uc1701x.o [1]
uc1701x_virtual_draw_h_line
                        0x08007f07    0x42  Code  Lc  uc1701x.o [1]
uc1701x_virtual_draw_rgb_image
                        0x08007fe9    0x22  Code  Lc  uc1701x.o [1]
uc1701x_virtual_draw_v_line
                        0x08007f49    0x42  Code  Lc  uc1701x.o [1]
uc1701x_virtual_read_pixel
                        0x08007e97    0x5a  Code  Lc  uc1701x.o [1]
uc1701x_virtual_set_cursor
                        0x08007dd9     0xa  Code  Lc  uc1701x.o [1]
uc1701x_virtual_set_cursor_direction
                        0x08007de3     0x6  Code  Lc  uc1701x.o [1]
uc1701x_virtual_set_display_window
                        0x08007ef1    0x16  Code  Lc  uc1701x.o [1]
uc1701x_virtual_write_multiple_data
                        0x08007d43    0x96  Code  Lc  uc1701x.o [1]
uc1701x_virtual_write_pixel
                        0x08007e83    0x14  Code  Lc  uc1701x.o [1]
uc1701x_write_cmd       0x08007a81     0xa  Code  Lc  uc1701x.o [1]
uc1701x_write_multiple_data
                        0x08007a8b     0xa  Code  Lc  uc1701x.o [1]
ucHeap                  0x20000530  0x1fa0  Data  Lc  heap_4.o [1]
ucMaxSysCallPriority    0x20002e56     0x1  Data  Lc  port.o [1]
ulMaxPRIGROUPValue      0x20002df8     0x4  Data  Lc  port.o [1]
ulPortSetInterruptMask  0x08009b73          Code  Gb  portasm.o [1]
uwTick                  0x20002dfc     0x4  Data  Lc  stm32f1xx_hal.o [1]
uxCriticalNesting       0x20000004     0x4  Data  Lc  port.o [1]
uxCurrentNumberOfTasks  0x20002e14     0x4  Data  Lc  tasks.o [1]
uxListRemove            0x08009c3b    0x26  Code  Gb  list.o [1]
uxPendedTicks           0x20002e24     0x4  Data  Lc  tasks.o [1]
uxSchedulerSuspended    0x20002e38     0x4  Data  Lc  tasks.o [1]
uxTaskNumber            0x20002e30     0x4  Data  Lc  tasks.o [1]
uxTaskPriorityGet       0x08008731    0x1e  Code  Gb  tasks.o [1]
uxTaskPriorityGetFromISR
                        0x0800874f    0x22  Code  Gb  tasks.o [1]
uxTasksDeleted          0x20002e10     0x4  Data  Lc  tasks.o [1]
uxTopReadyPriority      0x20002e1c     0x4  Data  Lc  tasks.o [1]
vApplicationMallocFailedHook
                        0x08004445    0x12  Code  Gb  main.o [1]
vApplicationMallocFailedHook::__func__
                        0x0800b720    0x20  Data  Lc  main.o [1]
vApplicationStackOverflowHook
                        0x08004431    0x14  Code  Gb  main.o [1]
vApplicationStackOverflowHook::__func__
                        0x0800b700    0x20  Data  Lc  main.o [1]
vListInitialise         0x08009bc9    0x1e  Code  Gb  list.o [1]
vListInitialiseItem     0x08009be7     0x6  Code  Gb  list.o [1]
vListInsert             0x08009c05    0x36  Code  Gb  list.o [1]
vListInsertEnd          0x08009bed    0x18  Code  Gb  list.o [1]
vPortClearInterruptMask
                        0x08009b81          Code  Gb  portasm.o [1]
vPortEnterCritical      0x08008dd7    0x30  Code  Gb  port.o [1]
vPortExitCritical       0x08008e07    0x2a  Code  Gb  port.o [1]
vPortFree               0x08009d63    0x62  Code  Gb  heap_4.o [1]
vPortStartFirstTask     0x08009ba7          Code  Gb  portasm.o [1]
vPortValidateInterruptPriority
                        0x08008e51    0x38  Code  Gb  port.o [1]
vPortYield              0x08008dc5    0x12  Code  Gb  port.o [1]
vTaskDelay              0x080086cd    0x64  Code  Gb  tasks.o [1]
vTaskStartScheduler     0x08008771    0x58  Code  Gb  tasks.o [1]
vTaskSuspendAll         0x080087c9    0x10  Code  Gb  tasks.o [1]
vTaskSwitchContext      0x080089f7    0x92  Code  Gb  tasks.o [1]
window                  0x20000024     0x8  Data  Gb  uc1701x.o [1]
xBlockAllocatedBit      0x20002de0     0x4  Data  Lc  heap_4.o [1]
xDelayedTaskList1       0x20002d54    0x14  Data  Lc  tasks.o [1]
xDelayedTaskList2       0x20002d68    0x14  Data  Lc  tasks.o [1]
xFreeBytesRemaining     0x20002dd8     0x4  Data  Lc  heap_4.o [1]
xHeapStructSize         0x0800b908     0x4  Data  Lc  heap_4.o [1]
xMinimumEverFreeBytesRemaining
                        0x20002ddc     0x4  Data  Lc  heap_4.o [1]
xNextTaskUnblockTime    0x20002e34     0x4  Data  Lc  tasks.o [1]
xNumOfOverflows         0x20002e2c     0x4  Data  Lc  tasks.o [1]
xPendingReadyList       0x20002d7c    0x14  Data  Lc  tasks.o [1]
xPortStartScheduler     0x08008d3d    0x88  Code  Gb  port.o [1]
xPortSysTickHandler     0x08008e31    0x1e  Code  Gb  port.o [1]
xSchedulerRunning       0x20002e20     0x4  Data  Lc  tasks.o [1]
xStart                  0x20002dc4     0x8  Data  Lc  heap_4.o [1]
xSuspendedTaskList      0x20002da4    0x14  Data  Lc  tasks.o [1]
xTaskGenericCreate      0x08008595   0x138  Code  Gb  tasks.o [1]
xTaskGetCurrentTaskHandle
                        0x08008c91     0x8  Code  Gb  tasks.o [1]
xTaskGetSchedulerState  0x08008c9d    0x20  Code  Gb  tasks.o [1]
xTaskGetTickCount       0x080088bf     0x8  Code  Gb  tasks.o [1]
xTaskGetTickCountFromISR
                        0x080088c7    0x10  Code  Gb  tasks.o [1]
xTaskIncrementTick      0x080088d7   0x120  Code  Gb  tasks.o [1]
xTaskResumeAll          0x080087d9    0xe6  Code  Gb  tasks.o [1]
xTasksWaitingTermination
                        0x20002d90    0x14  Data  Lc  tasks.o [1]
xTickCount              0x20002e18     0x4  Data  Lc  tasks.o [1]
xYieldPending           0x20002e28     0x4  Data  Lc  tasks.o [1]


[1] = D:\development\ST\stm32\src_code\jlx12864_uc1701x\hello_lcd\EWARM\hello_lcd\Obj
[2] = command line
[3] = dl7M_tlf.a
[4] = m7M_tl.a
[5] = rt7M_tl.a

  34 354 bytes of readonly  code memory
  13 342 bytes of readonly  data memory
  11 860 bytes of readwrite data memory

Errors: none
Warnings: none
