###############################################################################
#
# IAR ELF Linker V8.11.1.13263/W32 for ARM                09/Jun/2017  17:27:13
# Copyright 2007-2017 IAR Systems AB.
#
#    Output file  =  
#        D:\development\ST\stm32\src_code\jlx12864_uc1701x\hello_lcd\EWARM\hello_lcd\Exe\hello_lcd.out
#    Map file     =  
#        D:\development\ST\stm32\src_code\jlx12864_uc1701x\hello_lcd\EWARM\hello_lcd\List\hello_lcd.map
#    Command line =  
#        -f C:\Users\wkxbo\AppData\Local\Temp\EW62B7.tmp
#        (D:\development\ST\stm32\src_code\jlx12864_uc1701x\hello_lcd\EWARM\hello_lcd\Obj\cmsis_os.o
#        D:\development\ST\stm32\src_code\jlx12864_uc1701x\hello_lcd\EWARM\hello_lcd\Obj\croutine.o
#        D:\development\ST\stm32\src_code\jlx12864_uc1701x\hello_lcd\EWARM\hello_lcd\Obj\event_groups.o
#        D:\development\ST\stm32\src_code\jlx12864_uc1701x\hello_lcd\EWARM\hello_lcd\Obj\freertos.o
#        D:\development\ST\stm32\src_code\jlx12864_uc1701x\hello_lcd\EWARM\hello_lcd\Obj\heap_4.o
#        D:\development\ST\stm32\src_code\jlx12864_uc1701x\hello_lcd\EWARM\hello_lcd\Obj\list.o
#        D:\development\ST\stm32\src_code\jlx12864_uc1701x\hello_lcd\EWARM\hello_lcd\Obj\main.o
#        D:\development\ST\stm32\src_code\jlx12864_uc1701x\hello_lcd\EWARM\hello_lcd\Obj\port.o
#        D:\development\ST\stm32\src_code\jlx12864_uc1701x\hello_lcd\EWARM\hello_lcd\Obj\portasm.o
#        D:\development\ST\stm32\src_code\jlx12864_uc1701x\hello_lcd\EWARM\hello_lcd\Obj\queue.o
#        D:\development\ST\stm32\src_code\jlx12864_uc1701x\hello_lcd\EWARM\hello_lcd\Obj\startup_stm32f103xb.o
#        D:\development\ST\stm32\src_code\jlx12864_uc1701x\hello_lcd\EWARM\hello_lcd\Obj\stm32f1xx_hal.o
#        D:\development\ST\stm32\src_code\jlx12864_uc1701x\hello_lcd\EWARM\hello_lcd\Obj\stm32f1xx_hal_cortex.o
#        D:\development\ST\stm32\src_code\jlx12864_uc1701x\hello_lcd\EWARM\hello_lcd\Obj\stm32f1xx_hal_dma.o
#        D:\development\ST\stm32\src_code\jlx12864_uc1701x\hello_lcd\EWARM\hello_lcd\Obj\stm32f1xx_hal_flash.o
#        D:\development\ST\stm32\src_code\jlx12864_uc1701x\hello_lcd\EWARM\hello_lcd\Obj\stm32f1xx_hal_flash_ex.o
#        D:\development\ST\stm32\src_code\jlx12864_uc1701x\hello_lcd\EWARM\hello_lcd\Obj\stm32f1xx_hal_gpio.o
#        D:\development\ST\stm32\src_code\jlx12864_uc1701x\hello_lcd\EWARM\hello_lcd\Obj\stm32f1xx_hal_gpio_ex.o
#        D:\development\ST\stm32\src_code\jlx12864_uc1701x\hello_lcd\EWARM\hello_lcd\Obj\stm32f1xx_hal_msp.o
#        D:\development\ST\stm32\src_code\jlx12864_uc1701x\hello_lcd\EWARM\hello_lcd\Obj\stm32f1xx_hal_pwr.o
#        D:\development\ST\stm32\src_code\jlx12864_uc1701x\hello_lcd\EWARM\hello_lcd\Obj\stm32f1xx_hal_rcc.o
#        D:\development\ST\stm32\src_code\jlx12864_uc1701x\hello_lcd\EWARM\hello_lcd\Obj\stm32f1xx_hal_rcc_ex.o
#        D:\development\ST\stm32\src_code\jlx12864_uc1701x\hello_lcd\EWARM\hello_lcd\Obj\stm32f1xx_hal_rtc.o
#        D:\development\ST\stm32\src_code\jlx12864_uc1701x\hello_lcd\EWARM\hello_lcd\Obj\stm32f1xx_hal_rtc_ex.o
#        D:\development\ST\stm32\src_code\jlx12864_uc1701x\hello_lcd\EWARM\hello_lcd\Obj\stm32f1xx_hal_spi.o
#        D:\development\ST\stm32\src_code\jlx12864_uc1701x\hello_lcd\EWARM\hello_lcd\Obj\stm32f1xx_hal_spi_ex.o
#        D:\development\ST\stm32\src_code\jlx12864_uc1701x\hello_lcd\EWARM\hello_lcd\Obj\stm32f1xx_hal_tim.o
#        D:\development\ST\stm32\src_code\jlx12864_uc1701x\hello_lcd\EWARM\hello_lcd\Obj\stm32f1xx_hal_tim_ex.o
#        D:\development\ST\stm32\src_code\jlx12864_uc1701x\hello_lcd\EWARM\hello_lcd\Obj\stm32f1xx_hal_uart.o
#        D:\development\ST\stm32\src_code\jlx12864_uc1701x\hello_lcd\EWARM\hello_lcd\Obj\stm32f1xx_it.o
#        D:\development\ST\stm32\src_code\jlx12864_uc1701x\hello_lcd\EWARM\hello_lcd\Obj\stm32zet6_milestone.o
#        D:\development\ST\stm32\src_code\jlx12864_uc1701x\hello_lcd\EWARM\hello_lcd\Obj\stm32zet6_milestone_lcd.o
#        D:\development\ST\stm32\src_code\jlx12864_uc1701x\hello_lcd\EWARM\hello_lcd\Obj\system_stm32f1xx.o
#        D:\development\ST\stm32\src_code\jlx12864_uc1701x\hello_lcd\EWARM\hello_lcd\Obj\tasks.o
#        D:\development\ST\stm32\src_code\jlx12864_uc1701x\hello_lcd\EWARM\hello_lcd\Obj\timers.o
#        D:\development\ST\stm32\src_code\jlx12864_uc1701x\hello_lcd\EWARM\hello_lcd\Obj\uc1701x.o
#        --redirect _Printf=_PrintfFull --redirect _Scanf=_ScanfFull -o
#        D:\development\ST\stm32\src_code\jlx12864_uc1701x\hello_lcd\EWARM\hello_lcd\Exe\hello_lcd.out
#        --map
#        D:\development\ST\stm32\src_code\jlx12864_uc1701x\hello_lcd\EWARM\hello_lcd\List\hello_lcd.map
#        --config
#        D:\development\ST\stm32\src_code\jlx12864_uc1701x\hello_lcd\EWARM/stm32f103xb_flash.icf
#        --entry __iar_program_start --vfe --text_out locale)
#
###############################################################################

*******************************************************************************
*** RUNTIME MODEL ATTRIBUTES
***

CppFlavor       = *
__SystemLibrary = DLib
__dlib_version  = 6


*******************************************************************************
*** HEAP SELECTION
***

The basic heap was selected because no calls to memory allocation
functions were found in the application outside of system library
functions, and there are calls to deallocation functions in the
application.


*******************************************************************************
*** PLACEMENT SUMMARY
***

"A0":  place at 0x08000000 { ro section .intvec };
"P1":  place in [from 0x08000000 to 0x0801ffff] { ro };
"P2":  place in [from 0x20000000 to 0x20004fff] { rw, block CSTACK, block HEAP };
initialize by copy { rw };

  Section            Kind        Address    Size  Object
  -------            ----        -------    ----  ------
"A0":                                       0xec
  .intvec            ro code  0x08000000    0xec  startup_stm32f103xb.o [1]
                            - 0x080000ec    0xec

"P1":                                     0xa24d
  .rodata            const    0x080000ec  0x1ab8  stm32zet6_milestone_lcd.o [1]
  .text              ro code  0x08001ba4   0xf4e  xprintffull.o [3]
  .text              ro code  0x08002af2    0x7a  lz77_init_single.o [5]
  .text              ro code  0x08002b6c    0x7c  xlocale_c.o [3]
  .text              ro code  0x08002be8    0x16  strchr.o [5]
  .text              ro code  0x08002bfe    0x1e  xencoding_8859_1.o [3]
  .text              ro code  0x08002c1c    0x44  xfail_s.o [3]
  .text              ro code  0x08002c60    0x36  strlen.o [5]
  .rodata            const    0x08002c96     0x2  stm32f1xx_hal_rcc.o [1]
  .text              ro code  0x08002c98    0x58  memchr.o [5]
  .text              ro code  0x08002cf0     0xa  xmbcurmax.o [3]
  .rodata            const    0x08002cfa     0x2  stm32f1xx_hal_rcc_ex.o [1]
  .text              ro code  0x08002cfc    0xa6  ABImemcpy.o [5]
  .text              ro code  0x08002da4    0xee  I64DivMod.o [5]
  .text              ro code  0x08002e94   0x1a2  DblMul.o [4]
  .text              ro code  0x08003038    0x70  frexp.o [4]
  .text              ro code  0x080030a8    0x2e  DblCmpLe.o [4]
  .text              ro code  0x080030d8    0x2e  DblCmpGe.o [4]
  .text              ro code  0x08003108   0x13a  ldexp.o [4]
  .text              ro code  0x08003244    0x3a  DblToS32.o [4]
  .text              ro code  0x08003280    0x22  S32ToDbl.o [4]
  .text              ro code  0x080032a4    0xe2  DblSub.o [4]
  .text              ro code  0x08003388   0x246  DblDiv.o [4]
  .text              ro code  0x080035d0    0x28  DblToU32.o [4]
  .text              ro code  0x080035f8    0x1a  U32ToDbl.o [4]
  .text              ro code  0x08003612     0x6  abort.o [3]
  .text              ro code  0x08003618     0x2  I64DivZer.o [5]
  .text              ro code  0x0800361c   0x168  DblAdd.o [4]
  .text              ro code  0x08003784     0xc  XXexit.o [5]
  .text              ro code  0x08003790   0xca0  stm32f1xx_hal_rcc.o [1]
  .text              ro code  0x08004430   0x638  main.o [1]
  .text              ro code  0x08004a68     0xc  stm32f1xx_hal.o [1]
  .text              ro code  0x08004a74    0x1a  stm32f1xx_hal.o [1]
  .text              ro code  0x08004a8e    0x24  stm32f1xx_hal.o [1]
  .text              ro code  0x08004ab4    0x28  printf.o [3]
  .text              ro code  0x08004adc    0x28  stm32f1xx_hal.o [1]
  .text              ro code  0x08004b04   0x5cc  stm32zet6_milestone_lcd.o [1]
  .text              ro code  0x080050d0    0xe0  cmsis_os.o [1]
  .text              ro code  0x080051b0   0x2e4  stm32f1xx_hal_rcc_ex.o [1]
  .text              ro code  0x08005494   0x1a8  stm32f1xx_hal_cortex.o [1]
  .text              ro code  0x0800563c   0x910  stm32f1xx_hal_rtc.o [1]
  .text              ro code  0x08005f4c    0x90  stm32f1xx_hal_rtc_ex.o [1]
  .text              ro code  0x08005fdc   0x1cc  stm32f1xx_hal_spi_ex.o [1]
  .text              ro code  0x080061a8   0x7bc  stm32f1xx_hal_uart.o [1]
  .text              ro code  0x08006964   0x3fc  stm32f1xx_hal_gpio.o [1]
  .text              ro code  0x08006d60   0x58a  uc1701x.o [1]
  .text              ro code  0x080072ec   0x260  stm32f1xx_hal_msp.o [1]
  .text              ro code  0x0800754c   0x774  tasks.o [1]
  .text              ro code  0x08007cc0   0x1c8  port.o [1]
  .text              ro code  0x08007e88     0x2  stm32f1xx_hal_rtc_ex.o [1]
  .text              ro code  0x08007e8a     0x2  stm32f1xx_hal_rtc_ex.o [1]
  .text              ro code  0x08007e8c     0x2  stm32f1xx_hal_uart.o [1]
  .text              ro code  0x08007e8e     0x2  stm32f1xx_hal_uart.o [1]
  .text              ro code  0x08007e90     0x2  stm32f1xx_hal_uart.o [1]
  .text              ro code  0x08007e94    0xa4  stm32zet6_milestone.o [1]
  .text              ro code  0x08007f38    0x18  stm32f1xx_hal_pwr.o [1]
  .text              ro code  0x08007f50   0x45c  stm32f1xx_hal_dma.o [1]
  CODE               ro code  0x080083ac    0x94  portasm.o [1]
  .text              ro code  0x08008440    0x98  list.o [1]
  .text              ro code  0x080084d8   0x248  heap_4.o [1]
  .text              ro code  0x08008720   0x39e  stm32f1xx_hal_spi.o [1]
  .text              ro code  0x08008abe     0x2  stm32f1xx_hal_spi.o [1]
  .rodata            const    0x08008ac0   0xbe0  stm32zet6_milestone_lcd.o [1]
  .rodata            const    0x080096a0   0x2f8  stm32zet6_milestone_lcd.o [1]
  .rodata            const    0x08009998    0x74  stm32f1xx_hal_cortex.o [1]
  .rodata            const    0x08009a0c    0x74  stm32f1xx_hal_dma.o [1]
  .rodata            const    0x08009a80    0x74  stm32f1xx_hal_gpio.o [1]
  .text              ro code  0x08009af4    0x68  system_stm32f1xx.o [1]
  .rodata            const    0x08009b5c    0x64  stm32f1xx_hal_rcc_ex.o [1]
  .rodata            const    0x08009bc0    0x64  stm32f1xx_hal_rtc_ex.o [1]
  .rodata            const    0x08009c24    0x64  stm32f1xx_hal_spi_ex.o [1]
  .rodata            const    0x08009c88    0x64  stm32f1xx_hal_uart.o [1]
  .rodata            const    0x08009cec    0x60  stm32f1xx_hal_rcc.o [1]
  .rodata            const    0x08009d4c    0x60  stm32f1xx_hal_rtc.o [1]
  .rodata            const    0x08009dac    0x60  stm32f1xx_hal_spi.o [1]
  .text              ro code  0x08009e0c    0x60  stm32f1xx_it.o [1]
  .text              ro code  0x08009e6c    0x10  stm32f1xx_hal.o [1]
  .rodata            const    0x08009e7c    0x48  main.o [1]
  .rodata            const    0x08009ec4    0x44  stm32f1xx_hal_msp.o [1]
  .text              ro code  0x08009f08    0x40  zero_init3.o [5]
  .rodata            const    0x08009f48    0x3c  main.o [1]
  .rodata            const    0x08009f84    0x28  main.o [1]
  .text              ro code  0x08009fac    0x28  data_init.o [5]
  .iar.init_table    const    0x08009fd4    0x20  - Linker created -
  .rodata            const    0x08009ff4    0x20  heap_4.o [1]
  .rodata            const    0x0800a014    0x20  main.o [1]
  .text              ro code  0x0800a034    0x1a  cmain.o [5]
  .text              ro code  0x0800a04e     0x4  low_level_init.o [3]
  .text              ro code  0x0800a052     0x4  exit.o [3]
  .text              ro code  0x0800a058     0xa  cexit.o [5]
  .rodata            const    0x0800a064    0x18  main.o [1]
  .rodata            const    0x0800a07c    0x18  main.o [1]
  .text              ro code  0x0800a094    0x16  xprout.o [3]
  .text              ro code  0x0800a0ac     0xc  putchar.o [3]
  .rodata            const    0x0800a0b8    0x14  main.o [1]
  .rodata            const    0x0800a0cc    0x14  main.o [1]
  .rodata            const    0x0800a0e0    0x14  main.o [1]
  .rodata            const    0x0800a0f4    0x10  main.o [1]
  .rodata            const    0x0800a104    0x10  main.o [1]
  .rodata            const    0x0800a114    0x10  main.o [1]
  .rodata            const    0x0800a124    0x10  stm32f1xx_hal_rcc.o [1]
  .rodata            const    0x0800a134    0x10  stm32f1xx_hal_rcc_ex.o [1]
  .rodata            const    0x0800a144    0x10  system_stm32f1xx.o [1]
  .text              ro code  0x0800a154    0x10  startup_stm32f103xb.o [1]
  .rodata            const    0x0800a164     0xc  main.o [1]
  .rodata            const    0x0800a170     0xc  main.o [1]
  .rodata            const    0x0800a17c     0xc  main.o [1]
  .rodata            const    0x0800a188     0xc  main.o [1]
  .rodata            const    0x0800a194     0xc  stm32zet6_milestone_lcd.o [1]
  .text              ro code  0x0800a1a0     0xc  cstartup_M.o [5]
  .rodata            const    0x0800a1ac     0x8  main.o [1]
  .rodata            const    0x0800a1b4     0x8  main.o [1]
  .rodata            const    0x0800a1bc     0x8  main.o [1]
  .rodata            const    0x0800a1c4     0x8  main.o [1]
  .rodata            const    0x0800a1cc     0x8  main.o [1]
  .rodata            const    0x0800a1d4     0x8  main.o [1]
  .rodata            const    0x0800a1dc     0x8  system_stm32f1xx.o [1]
  .rodata            const    0x0800a1e4     0x8  tasks.o [1]
  .rodata            const    0x0800a1ec     0x6  xlocale_c.o [3]
  .rodata            const    0x0800a1f4     0x4  heap_4.o [1]
  .rodata            const    0x0800a1f8     0x4  port.o [1]
  .rodata            const    0x0800a1fc     0x4  stm32f1xx_hal_rtc.o [1]
  .text              ro code  0x0800a200     0x4  startup_stm32f103xb.o [1]
  .text              ro code  0x0800a204     0x4  startup_stm32f103xb.o [1]
  .text              ro code  0x0800a208     0x4  startup_stm32f103xb.o [1]
  .text              ro code  0x0800a20c     0x4  startup_stm32f103xb.o [1]
  .text              ro code  0x0800a210     0x4  startup_stm32f103xb.o [1]
  .text              ro code  0x0800a214     0x4  startup_stm32f103xb.o [1]
  .text              ro code  0x0800a218     0x4  startup_stm32f103xb.o [1]
  .text              ro code  0x0800a21c     0x4  startup_stm32f103xb.o [1]
  .text              ro code  0x0800a220     0x4  startup_stm32f103xb.o [1]
  .text              ro code  0x0800a224     0x4  startup_stm32f103xb.o [1]
  .text              ro code  0x0800a228     0x4  startup_stm32f103xb.o [1]
  .text              ro code  0x0800a22c     0x4  startup_stm32f103xb.o [1]
  .text              ro code  0x0800a230     0x4  startup_stm32f103xb.o [1]
  .text              ro code  0x0800a234     0x4  startup_stm32f103xb.o [1]
  .text              ro code  0x0800a238     0x4  startup_stm32f103xb.o [1]
  .text              ro code  0x0800a23c     0x4  startup_stm32f103xb.o [1]
  .text              ro code  0x0800a240     0x4  startup_stm32f103xb.o [1]
  .text              ro code  0x0800a244     0x4  startup_stm32f103xb.o [1]
  .text              ro code  0x0800a248     0x4  startup_stm32f103xb.o [1]
  .text              ro code  0x0800a24c     0x4  startup_stm32f103xb.o [1]
  .text              ro code  0x0800a250     0x4  startup_stm32f103xb.o [1]
  .text              ro code  0x0800a254     0x4  startup_stm32f103xb.o [1]
  .text              ro code  0x0800a258     0x4  startup_stm32f103xb.o [1]
  .text              ro code  0x0800a25c     0x4  startup_stm32f103xb.o [1]
  .text              ro code  0x0800a260     0x4  startup_stm32f103xb.o [1]
  .text              ro code  0x0800a264     0x4  startup_stm32f103xb.o [1]
  .text              ro code  0x0800a268     0x4  startup_stm32f103xb.o [1]
  .text              ro code  0x0800a26c     0x4  startup_stm32f103xb.o [1]
  .text              ro code  0x0800a270     0x4  startup_stm32f103xb.o [1]
  .text              ro code  0x0800a274     0x4  startup_stm32f103xb.o [1]
  .text              ro code  0x0800a278     0x4  startup_stm32f103xb.o [1]
  .text              ro code  0x0800a27c     0x4  startup_stm32f103xb.o [1]
  .text              ro code  0x0800a280     0x4  startup_stm32f103xb.o [1]
  .text              ro code  0x0800a284     0x4  startup_stm32f103xb.o [1]
  .text              ro code  0x0800a288     0x4  startup_stm32f103xb.o [1]
  .text              ro code  0x0800a28c     0x4  startup_stm32f103xb.o [1]
  .text              ro code  0x0800a290     0x4  startup_stm32f103xb.o [1]
  .text              ro code  0x0800a294     0x4  startup_stm32f103xb.o [1]
  .rodata            const    0x0800a298     0x0  zero_init3.o [5]
  .rodata            const    0x0800a298     0x0  lz77_init_single.o [5]
  Initializer bytes  const    0x0800a298    0xa1  <for P2-1>
                            - 0x0800a339  0xa24d

"P2", part 1 of 3:                         0x128
  P2-1                        0x20000000   0x128  <Init block>
    .data            inited   0x20000000     0x4  port.o [1]
    .data            inited   0x20000004     0x8  stm32zet6_milestone_lcd.o [1]
    .data            inited   0x2000000c     0x8  stm32zet6_milestone_lcd.o [1]
    .data            inited   0x20000014     0x8  stm32zet6_milestone_lcd.o [1]
    .data            inited   0x2000001c     0x4  system_stm32f1xx.o [1]
    .data            inited   0x20000020     0x8  uc1701x.o [1]
    .data            inited   0x20000028    0x38  uc1701x.o [1]
    .data            inited   0x20000060    0x38  xlocale_c.o [3]
    .data            inited   0x20000098    0x48  xlocale_c.o [3]
    .data            inited   0x200000e0    0x48  xfiles.o [3]
                            - 0x20000128   0x128

"P2", part 2 of 3:                         0x400
  CSTACK                      0x20000128   0x400  <Block>
    CSTACK           uninit   0x20000128   0x400  <Block tail>
                            - 0x20000528   0x400

"P2", part 3 of 3:                        0x28d0
  .bss               zero     0x20000528  0x1fa0  heap_4.o [1]
  .bss               zero     0x200024c8   0x400  uc1701x.o [1]
  .bss               zero     0x200028c8   0x1d0  stm32zet6_milestone_lcd.o [1]
  .bss               zero     0x20002a98    0x8c  tasks.o [1]
  .bss               zero     0x20002b24    0x80  uc1701x.o [1]
  .bss               zero     0x20002ba4    0x58  main.o [1]
  .bss               zero     0x20002bfc    0x50  xfiles.o [3]
  .bss               zero     0x20002c4c    0x40  main.o [1]
  .bss               zero     0x20002c8c    0x38  main.o [1]
  .bss               zero     0x20002cc4    0x38  main.o [1]
  .bss               zero     0x20002cfc    0x14  main.o [1]
  .bss               zero     0x20002d10    0x14  tasks.o [1]
  .bss               zero     0x20002d24    0x14  tasks.o [1]
  .bss               zero     0x20002d38    0x14  tasks.o [1]
  .bss               zero     0x20002d4c    0x14  tasks.o [1]
  .bss               zero     0x20002d60    0x14  tasks.o [1]
  .bss               zero     0x20002d74     0xc  stm32zet6_milestone_lcd.o [1]
  .bss               zero     0x20002d80     0x8  heap_4.o [1]
  .bss               zero     0x20002d88     0x8  uc1701x.o [1]
  .bss               zero     0x20002d90     0x4  heap_4.o [1]
  .bss               zero     0x20002d94     0x4  heap_4.o [1]
  .bss               zero     0x20002d98     0x4  heap_4.o [1]
  .bss               zero     0x20002d9c     0x4  heap_4.o [1]
  .bss               zero     0x20002da0     0x4  main.o [1]
  .bss               zero     0x20002da4     0x4  main.o [1]
  .bss               zero     0x20002da8     0x4  main.o [1]
  .bss               zero     0x20002dac     0x4  port.o [1]
  .bss               zero     0x20002db0     0x4  stm32f1xx_hal.o [1]
  .bss               zero     0x20002db4     0x4  stm32zet6_milestone_lcd.o [1]
  .bss               zero     0x20002db8     0x4  tasks.o [1]
  .bss               zero     0x20002dbc     0x4  tasks.o [1]
  .bss               zero     0x20002dc0     0x4  tasks.o [1]
  .bss               zero     0x20002dc4     0x4  tasks.o [1]
  .bss               zero     0x20002dc8     0x4  tasks.o [1]
  .bss               zero     0x20002dcc     0x4  tasks.o [1]
  .bss               zero     0x20002dd0     0x4  tasks.o [1]
  .bss               zero     0x20002dd4     0x4  tasks.o [1]
  .bss               zero     0x20002dd8     0x4  tasks.o [1]
  .bss               zero     0x20002ddc     0x4  tasks.o [1]
  .bss               zero     0x20002de0     0x4  tasks.o [1]
  .bss               zero     0x20002de4     0x4  tasks.o [1]
  .bss               zero     0x20002de8     0x4  tasks.o [1]
  .bss               zero     0x20002dec     0x4  tasks.o [1]
  .bss               zero     0x20002df0     0x4  xfail_s.o [3]
  .bss               zero     0x20002df4     0x1  port.o [1]
  .bss               zero     0x20002df5     0x1  stm32f1xx_hal_spi_ex.o [1]
                            - 0x20002df6  0x28ce


*******************************************************************************
*** INIT TABLE
***

          Address     Size
          -------     ----
Zero (__iar_zero_init3)
    1 destination range, total size 0x28ce:
          0x20000528  0x28ce

Copy/lz77 (__iar_lz77_init_single3)
    1 source range, total size 0xa1 (54% of destination):
          0x0800a298    0xa1
    1 destination range, total size 0x128:
          0x20000000   0x128



*******************************************************************************
*** MODULE SUMMARY
***

    Module                     ro code  ro data  rw data
    ------                     -------  -------  -------
D:\development\ST\stm32\src_code\jlx12864_uc1701x\hello_lcd\EWARM\hello_lcd\Obj: [1]
    cmsis_os.o                     224
    heap_4.o                       584       36    8 120
    list.o                         152
    main.o                       1 592      456      296
    port.o                         456        6        9
    portasm.o                      148
    startup_stm32f103xb.o          404
    stm32f1xx_hal.o                130                 4
    stm32f1xx_hal_cortex.o         424      116
    stm32f1xx_hal_dma.o          1 116      116
    stm32f1xx_hal_gpio.o         1 020      116
    stm32f1xx_hal_msp.o            608       68
    stm32f1xx_hal_pwr.o             24
    stm32f1xx_hal_rcc.o          3 232      114
    stm32f1xx_hal_rcc_ex.o         740      118
    stm32f1xx_hal_rtc.o          2 320      100
    stm32f1xx_hal_rtc_ex.o         148      100
    stm32f1xx_hal_spi.o            928       96
    stm32f1xx_hal_spi_ex.o         460      100        1
    stm32f1xx_hal_uart.o         1 986      100
    stm32f1xx_it.o                  96
    stm32zet6_milestone.o          164
    stm32zet6_milestone_lcd.o    1 484   10 665      504
    system_stm32f1xx.o             104       26        4
    tasks.o                      1 908        8      296
    uc1701x.o                    1 418       35    1 224
    ----------------------------------------------------
    Total:                      21 870   12 376   10 458

command line: [2]
    ----------------------------------------------------
    Total:

dl7M_tlf.a: [3]
    abort.o                          6
    exit.o                           4
    low_level_init.o                 4
    printf.o                        40
    putchar.o                       12
    xencoding_8859_1.o              30
    xfail_s.o                       68                 4
    xfiles.o                                 40      152
    xlocale_c.o                    124       75      128
    xmbcurmax.o                     10
    xprintffull.o                3 918
    xprout.o                        22
    ----------------------------------------------------
    Total:                       4 238      115      284

m7M_tl.a: [4]
    DblAdd.o                       360
    DblCmpGe.o                      46
    DblCmpLe.o                      46
    DblDiv.o                       582
    DblMul.o                       418
    DblSub.o                       226
    DblToS32.o                      58
    DblToU32.o                      40
    S32ToDbl.o                      34
    U32ToDbl.o                      26
    frexp.o                        112
    ldexp.o                        314
    ----------------------------------------------------
    Total:                       2 262

rt7M_tl.a: [5]
    ABImemcpy.o                    166
    I64DivMod.o                    238
    I64DivZer.o                      2
    XXexit.o                        12
    cexit.o                         10
    cmain.o                         26
    cstartup_M.o                    12
    data_init.o                     40
    lz77_init_single.o             122
    memchr.o                        88
    strchr.o                        22
    strlen.o                        54
    zero_init3.o                    64
    ----------------------------------------------------
    Total:                         856

    Gaps                            32        4
    Linker created                           32    1 024
--------------------------------------------------------
    Grand Total:                29 258   12 527   11 766


*******************************************************************************
*** ENTRY LIST
***

Entry                      Address    Size  Type      Object
-----                      -------    ----  ----      ------
.iar.init_table$$Base   0x08009fd4           --   Gb  - Linker created -
.iar.init_table$$Limit  0x08009ff4           --   Gb  - Linker created -
?main                   0x0800a035          Code  Gb  cmain.o [5]
AHBPrescTable           0x0800a144    0x10  Data  Gb  system_stm32f1xx.o [1]
APBPrescTable           0x0800a1dc     0x8  Data  Gb  system_stm32f1xx.o [1]
BSP_LCD_DisplayChar     0x08004b99    0x36  Code  Gb  stm32zet6_milestone_lcd.o [1]
BSP_LCD_DisplayStringAt
                        0x08004bcf    0xe2  Code  Gb  stm32zet6_milestone_lcd.o [1]
BSP_LCD_DisplayStringAtXposLine
                        0x08004cb1    0x22  Code  Gb  stm32zet6_milestone_lcd.o [1]
BSP_LCD_DisplayUint16DecAtXposLine
                        0x08004fe5    0xdc  Code  Gb  stm32zet6_milestone_lcd.o [1]
BSP_LCD_DrawBitmap      0x08004dd3    0x68  Code  Gb  stm32zet6_milestone_lcd.o [1]
BSP_LCD_DrawHLine       0x08004cd3    0x58  Code  Gb  stm32zet6_milestone_lcd.o [1]
BSP_LCD_DrawRect        0x08004d83    0x50  Code  Gb  stm32zet6_milestone_lcd.o [1]
BSP_LCD_DrawVLine       0x08004d2b    0x58  Code  Gb  stm32zet6_milestone_lcd.o [1]
BSP_LCD_GetFont         0x08004b91     0x8  Code  Gb  stm32zet6_milestone_lcd.o [1]
BSP_LCD_GetXSize        0x08004b59     0xe  Code  Gb  stm32zet6_milestone_lcd.o [1]
BSP_LCD_GetYSize        0x08004b67     0xe  Code  Gb  stm32zet6_milestone_lcd.o [1]
BSP_LCD_Init            0x08004b05    0x54  Code  Gb  stm32zet6_milestone_lcd.o [1]
BSP_LCD_SetBackColor    0x08004b7f     0xa  Code  Gb  stm32zet6_milestone_lcd.o [1]
BSP_LCD_SetFont         0x08004b89     0x8  Code  Gb  stm32zet6_milestone_lcd.o [1]
BSP_LCD_SetTextColor    0x08004b75     0xa  Code  Gb  stm32zet6_milestone_lcd.o [1]
BusFault_Handler        0x08009e13     0x2  Code  Gb  stm32f1xx_it.o [1]
CSTACK$$Base            0x20000128           --   Gb  - Linker created -
CSTACK$$Limit           0x20000528           --   Gb  - Linker created -
CacheMore               0x08002b71    0x24  Code  Lc  xlocale_c.o [3]
DMA1_Channel2_IRQHandler
                        0x08009e2f     0xa  Code  Gb  stm32f1xx_it.o [1]
DMA1_Channel3_IRQHandler
                        0x08009e39     0xa  Code  Gb  stm32f1xx_it.o [1]
DebugMon_Handler        0x08009e17     0x2  Code  Gb  stm32f1xx_it.o [1]
DrawProp                0x20002d74     0xc  Data  Gb  stm32zet6_milestone_lcd.o [1]
Font16                  0x2000000c     0x8  Data  Gb  stm32zet6_milestone_lcd.o [1]
Font16_Table            0x08008ac0   0xbe0  Data  Gb  stm32zet6_milestone_lcd.o [1]
Font24                  0x20000004     0x8  Data  Gb  stm32zet6_milestone_lcd.o [1]
Font24_Table            0x080000ec  0x1ab8  Data  Gb  stm32zet6_milestone_lcd.o [1]
Font8                   0x20000014     0x8  Data  Gb  stm32zet6_milestone_lcd.o [1]
Font8_Table             0x080096a0   0x2f8  Data  Gb  stm32zet6_milestone_lcd.o [1]
HAL_DMA_IRQHandler      0x080080c1   0x2c2  Code  Gb  stm32f1xx_hal_dma.o [1]
HAL_DMA_Init            0x08007f51   0x170  Code  Gb  stm32f1xx_hal_dma.o [1]
HAL_Delay               0x08004a75    0x1a  Code  Wk  stm32f1xx_hal.o [1]
HAL_GPIO_Init           0x08006965   0x370  Code  Gb  stm32f1xx_hal_gpio.o [1]
HAL_GPIO_WritePin       0x08006cd5    0x42  Code  Gb  stm32f1xx_hal_gpio.o [1]
HAL_GetTick             0x08004a69     0xc  Code  Wk  stm32f1xx_hal.o [1]
HAL_IncTick             0x08009e6d    0x10  Code  Wk  stm32f1xx_hal.o [1]
HAL_Init                0x08004add    0x22  Code  Gb  stm32f1xx_hal.o [1]
HAL_InitTick            0x08004a8f    0x24  Code  Wk  stm32f1xx_hal.o [1]
HAL_MspInit             0x080072ed    0x86  Code  Gb  stm32f1xx_hal_msp.o [1]
HAL_NVIC_EnableIRQ      0x080055bf    0x1c  Code  Gb  stm32f1xx_hal_cortex.o [1]
HAL_NVIC_SetPriority    0x08005585    0x3a  Code  Gb  stm32f1xx_hal_cortex.o [1]
HAL_NVIC_SetPriorityGrouping
                        0x0800555d    0x28  Code  Gb  stm32f1xx_hal_cortex.o [1]
HAL_PWR_EnableBkUpAccess
                        0x08007f39    0x14  Code  Gb  stm32f1xx_hal_pwr.o [1]
HAL_RCCEx_GetPeriphCLKFreq
                        0x08005351   0x110  Code  Gb  stm32f1xx_hal_rcc_ex.o [1]
HAL_RCCEx_PeriphCLKConfig
                        0x080051b1   0x1a0  Code  Gb  stm32f1xx_hal_rcc_ex.o [1]
HAL_RCC_ClockConfig     0x0800400b   0x316  Code  Gb  stm32f1xx_hal_rcc.o [1]
HAL_RCC_GetHCLKFreq     0x080043ad     0x6  Code  Gb  stm32f1xx_hal_rcc.o [1]
HAL_RCC_GetPCLK1Freq    0x080043b9    0x20  Code  Gb  stm32f1xx_hal_rcc.o [1]
HAL_RCC_GetPCLK2Freq    0x080043d9    0x20  Code  Gb  stm32f1xx_hal_rcc.o [1]
HAL_RCC_GetSysClockFreq
                        0x08004331    0x7c  Code  Gb  stm32f1xx_hal_rcc.o [1]
HAL_RCC_OscConfig       0x08003791   0x87a  Code  Gb  stm32f1xx_hal_rcc.o [1]
HAL_RTCEx_BKUPRead      0x08005fb3    0x22  Code  Gb  stm32f1xx_hal_rtc_ex.o [1]
HAL_RTCEx_BKUPWrite     0x08005f91    0x22  Code  Gb  stm32f1xx_hal_rtc_ex.o [1]
HAL_RTCEx_RTCIRQHandler
                        0x08005f4d    0x44  Code  Gb  stm32f1xx_hal_rtc_ex.o [1]
HAL_RTC_GetDate         0x08005b71    0x74  Code  Gb  stm32f1xx_hal_rtc.o [1]
HAL_RTC_GetTime         0x080058c9   0x122  Code  Gb  stm32f1xx_hal_rtc.o [1]
HAL_RTC_Init            0x0800563d   0x138  Code  Gb  stm32f1xx_hal_rtc.o [1]
HAL_RTC_MspInit         0x08007373    0x4a  Code  Gb  stm32f1xx_hal_msp.o [1]
HAL_RTC_SetDate         0x080059eb   0x186  Code  Gb  stm32f1xx_hal_rtc.o [1]
HAL_RTC_SetTime         0x08005775   0x154  Code  Gb  stm32f1xx_hal_rtc.o [1]
HAL_RTC_WaitForSynchro  0x08005bfd    0x3e  Code  Gb  stm32f1xx_hal_rtc.o [1]
HAL_SPI_IRQHandler      0x0800890d    0xc0  Code  Gb  stm32f1xx_hal_spi.o [1]
HAL_SPI_Init            0x08005fdd   0x1ba  Code  Gb  stm32f1xx_hal_spi_ex.o [1]
HAL_SPI_MspInit         0x080073bd    0xf6  Code  Gb  stm32f1xx_hal_msp.o [1]
HAL_SPI_Transmit        0x08008721   0x1e6  Code  Gb  stm32f1xx_hal_spi.o [1]
HAL_SYSTICK_CLKSourceConfig
                        0x080055e3    0x36  Code  Gb  stm32f1xx_hal_cortex.o [1]
HAL_SYSTICK_Config      0x080055db     0x8  Code  Gb  stm32f1xx_hal_cortex.o [1]
HAL_UART_IRQHandler     0x08006417   0x102  Code  Gb  stm32f1xx_hal_uart.o [1]
HAL_UART_Init           0x080061a9   0x11c  Code  Gb  stm32f1xx_hal_uart.o [1]
HAL_UART_MspInit        0x080074b3    0x64  Code  Gb  stm32f1xx_hal_msp.o [1]
HAL_UART_Transmit       0x080062c5    0xea  Code  Gb  stm32f1xx_hal_uart.o [1]
HAL_UART_Transmit_IT    0x080063af    0x68  Code  Gb  stm32f1xx_hal_uart.o [1]
HardFault_Handler       0x08009e0f     0x2  Code  Gb  stm32f1xx_it.o [1]
LCD_DrawChar            0x08004e57   0x15c  Code  Lc  stm32zet6_milestone_lcd.o [1]
LCD_DrawPixel           0x08004e3b    0x1c  Code  Lc  stm32zet6_milestone_lcd.o [1]
LCD_SetDisplayWindow    0x08004fb3    0x1e  Code  Lc  stm32zet6_milestone_lcd.o [1]
LoadInt                 0x08001d73    0x7a  Code  Lc  xprintffull.o [3]
MX_DMA_Init             0x080046f7    0x3c  Code  Lc  main.o [1]
MX_GPIO_Init            0x08004733    0xbc  Code  Lc  main.o [1]
MX_RTC_Init             0x0800456f    0xbe  Code  Lc  main.o [1]
MX_SPI1_Init            0x0800462d    0x80  Code  Lc  main.o [1]
MX_USART1_UART_Init     0x080046ad    0x4a  Code  Lc  main.o [1]
MemManage_Handler       0x08009e11     0x2  Code  Gb  stm32f1xx_it.o [1]
NMI_Handler             0x08009e0d     0x2  Code  Gb  stm32f1xx_it.o [1]
NVIC_EnableIRQ          0x080054bb    0x14  Code  Lc  stm32f1xx_hal_cortex.o [1]
NVIC_EncodePriority     0x080054f1    0x3e  Code  Lc  stm32f1xx_hal_cortex.o [1]
NVIC_GetPriorityGrouping
                        0x080054b1     0xa  Code  Lc  stm32f1xx_hal_cortex.o [1]
NVIC_SetPriority        0x080054cf    0x22  Code  Lc  stm32f1xx_hal_cortex.o [1]
NVIC_SetPriorityGrouping
                        0x08005495    0x1c  Code  Lc  stm32f1xx_hal_cortex.o [1]
PendSV_Handler          0x080083ad          Code  Gb  portasm.o [1]
RTC_Bcd2ToByte          0x08005d7f    0x1a  Code  Lc  stm32f1xx_hal_rtc.o [1]
RTC_ByteToBcd2          0x08005d69    0x16  Code  Lc  stm32f1xx_hal_rtc.o [1]
RTC_DateUpdate          0x08005d99    0xe4  Code  Lc  stm32f1xx_hal_rtc.o [1]
RTC_EnterInitMode       0x08005cfd    0x36  Code  Lc  stm32f1xx_hal_rtc.o [1]
RTC_ExitInitMode        0x08005d33    0x36  Code  Lc  stm32f1xx_hal_rtc.o [1]
RTC_IRQHandler          0x08009e25     0xa  Code  Gb  stm32f1xx_it.o [1]
RTC_IsLeapYear          0x08005e7d    0x42  Code  Lc  stm32f1xx_hal_rtc.o [1]
RTC_ReadAlarmCounter    0x08005caf    0x18  Code  Lc  stm32f1xx_hal_rtc.o [1]
RTC_ReadTimeCounter     0x08005c3b    0x3e  Code  Lc  stm32f1xx_hal_rtc.o [1]
RTC_WeekDayNum          0x08005ebf    0x8e  Code  Lc  stm32f1xx_hal_rtc.o [1]
RTC_WriteAlarmCounter   0x08005cc7    0x36  Code  Lc  stm32f1xx_hal_rtc.o [1]
RTC_WriteTimeCounter    0x08005c79    0x36  Code  Lc  stm32f1xx_hal_rtc.o [1]
Region$$Table$$Base     0x08009fd4           --   Gb  - Linker created -
Region$$Table$$Limit    0x08009ff4           --   Gb  - Linker created -
SPI1_IRQHandler         0x08009e43     0xa  Code  Gb  stm32f1xx_it.o [1]
SPI_WaitOnFlagUntilTimeout
                        0x080089cd    0xf2  Code  Lc  stm32f1xx_hal_spi.o [1]
SVC_Handler             0x080083ff          Code  Gb  portasm.o [1]
StartDefaultTask        0x080049a7    0x30  Code  Gb  main.o [1]
SysTick_Config          0x0800552f    0x2e  Code  Lc  stm32f1xx_hal_cortex.o [1]
SysTick_Handler         0x08009e19     0xc  Code  Gb  stm32f1xx_it.o [1]
SystemClock_Config      0x080044c1    0xae  Code  Gb  main.o [1]
SystemCoreClock         0x2000001c     0x4  Data  Gb  system_stm32f1xx.o [1]
SystemInit              0x08009af5    0x4e  Code  Gb  system_stm32f1xx.o [1]
UART_EndTransmit_IT     0x0800667b    0x2c  Code  Lc  stm32f1xx_hal_uart.o [1]
UART_Receive_IT         0x080066a7    0xbe  Code  Lc  stm32f1xx_hal_uart.o [1]
UART_SetConfig          0x08006765   0x1ee  Code  Lc  stm32f1xx_hal_uart.o [1]
UART_Transmit_IT        0x0800660b    0x70  Code  Lc  stm32f1xx_hal_uart.o [1]
UART_WaitOnFlagUntilTimeout
                        0x08006529    0xe2  Code  Lc  stm32f1xx_hal_uart.o [1]
USART1_IRQHandler       0x08009e4d     0xa  Code  Gb  stm32f1xx_it.o [1]
UsageFault_Handler      0x08009e15     0x2  Code  Gb  stm32f1xx_it.o [1]
_Encoding_8859_1_Mbrlen
                        0x08002c11     0x2  Code  Gb  xencoding_8859_1.o [3]
_Encoding_8859_1_Wctomb
                        0x08002bff    0x12  Code  Gb  xencoding_8859_1.o [3]
_Error_Handler          0x08004a65     0x2  Code  Gb  main.o [1]
_GenldFull              0x080027eb   0x256  Code  Lc  xprintffull.o [3]
_LdtobFull              0x080023c3   0x3fe  Code  Lc  xprintffull.o [3]
_LitobFull              0x08002273   0x10a  Code  Lc  xprintffull.o [3]
_Locale_lconv           0x20000060    0x38  Data  Lc  xlocale_c.o [3]
_PrintfFull             0x08001ba5   0x1b6  Code  Gb  xprintffull.o [3]
_Prout                  0x0800a095    0x16  Code  Gb  xprout.o [3]
_PutcharsFull           0x08002a41    0x2e  Code  Lc  xprintffull.o [3]
_PutfldFull             0x08001ded   0x2d0  Code  Lc  xprintffull.o [3]
_PutstrFull             0x080021b3    0xc0  Code  Lc  xprintffull.o [3]
_PuttxtFull             0x080020bd    0xf6  Code  Lc  xprintffull.o [3]
__aeabi_cdcmple         0x080030a9          Code  Gb  DblCmpLe.o [4]
__aeabi_cdrcmple        0x080030d9          Code  Gb  DblCmpGe.o [4]
__aeabi_d2iz            0x08003245          Code  Gb  DblToS32.o [4]
__aeabi_d2uiz           0x080035d1          Code  Gb  DblToU32.o [4]
__aeabi_ddiv            0x08003389          Code  Gb  DblDiv.o [4]
__aeabi_dmul            0x08002e95          Code  Gb  DblMul.o [4]
__aeabi_dsub            0x080032a5          Code  Gb  DblSub.o [4]
__aeabi_i2d             0x08003281          Code  Gb  S32ToDbl.o [4]
__aeabi_ldiv0           0x08003619          Code  Gb  I64DivZer.o [5]
__aeabi_memcpy          0x08002cfd          Code  Gb  ABImemcpy.o [5]
__aeabi_memcpy4         0x08002d1d          Code  Gb  ABImemcpy.o [5]
__aeabi_memcpy8         0x08002d1d          Code  Gb  ABImemcpy.o [5]
__aeabi_ui2d            0x080035f9          Code  Gb  U32ToDbl.o [4]
__aeabi_uldivmod        0x08002da5          Code  Gb  I64DivMod.o [5]
__cmain                 0x0800a035          Code  Gb  cmain.o [5]
__exit                  0x08003785          Code  Gb  XXexit.o [5]
__iar_Fail_s            0x08002c1d    0x1e  Code  Gb  xfail_s.o [3]
__iar_Mbcurmax          0x08002cf1     0xa  Code  Gb  xmbcurmax.o [3]
__iar_Memchr            0x08002c99          Code  Gb  memchr.o [5]
__iar_Stdout            0x200000e0    0x48  Data  Gb  xfiles.o [3]
__iar_Strchr            0x08002be9          Code  Gb  strchr.o [5]
__iar_dadd              0x080032b5          Code  Gb  DblSub.o [4]
__iar_data_init3        0x08009fad    0x28  Code  Gb  data_init.o [5]
__iar_dsub              0x0800361d          Code  Gb  DblAdd.o [4]
__iar_dsubStart         0x0800362f          Code  Gb  DblAdd.o [4]
__iar_frexp             0x08003045          Code  Gb  frexp.o [4]
__iar_frexp64           0x08003039          Code  Gb  frexp.o [4]
__iar_frexpl            0x08003045          Code  Gb  frexp.o [4]
__iar_globLocale        0x20000098    0x48  Data  Lc  xlocale_c.o [3]
__iar_global_Locale     0x08002b6d     0x4  Code  Gb  xlocale_c.o [3]
__iar_ldexp64           0x08003109          Code  Gb  ldexp.o [4]
__iar_lz77_init_single3
                        0x08002af3    0x7a  Code  Gb  lz77_init_single.o [5]
__iar_program_start     0x0800a1a1          Code  Gb  cstartup_M.o [5]
__iar_scalbln64         0x08003109          Code  Gb  ldexp.o [4]
__iar_scalbn64          0x08003109          Code  Gb  ldexp.o [4]
__iar_systems$$module {Abs}
                        0x00000001          Data  Gb  command line/config [2]
__iar_zero_init3        0x08009f09    0x40  Code  Gb  zero_init3.o [5]
__low_level_init        0x0800a04f     0x4  Code  Gb  low_level_init.o [3]
__vector_table          0x08000000          Data  Gb  startup_stm32f103xb.o [1]
_call_main              0x0800a041          Code  Gb  cmain.o [5]
_exit                   0x0800a059          Code  Gb  cexit.o [5]
_gLocale_mblen          0x08002bd1     0x4  Code  Gb  xlocale_c.o [3]
_gLocale_mblenInt       0x08002b95    0x2c  Code  Gb  xlocale_c.o [3]
_gLocale_wctomb         0x08002bd5     0x4  Code  Gb  xlocale_c.o [3]
_gLocale_wctombInt      0x08002bcd     0x4  Code  Gb  xlocale_c.o [3]
_main                   0x0800a04b          Code  Gb  cmain.o [5]
abort                   0x08003613     0x6  Code  Gb  abort.o [3]
array_RGB               0x20002b24    0x80  Data  Gb  uc1701x.o [1]
assert_failed           0x08004a67     0x2  Code  Gb  main.o [1]
bitmap                  0x200028c8   0x1d0  Data  Lc  stm32zet6_milestone_lcd.o [1]
cursor                  0x20002d88     0x8  Data  Gb  uc1701x.o [1]
defaultTaskHandle       0x20002da0     0x4  Data  Gb  main.o [1]
display_ram             0x200024c8   0x400  Data  Gb  uc1701x.o [1]
exit                    0x0800a053     0x4  Code  Gb  exit.o [3]
fputc                   0x080047ef    0x12  Code  Gb  main.o [1]
frexp                   0x08003039          Code  Gb  frexp.o [4]
frexpl                  0x08003039          Code  Gb  frexp.o [4]
get_time_Task           0x08004801   0x164  Code  Gb  main.o [1]
gettimeTaskHandle       0x20002da4     0x4  Data  Gb  main.o [1]
hdma_spi1_rx            0x20002c8c    0x38  Data  Gb  main.o [1]
hdma_spi1_tx            0x20002cc4    0x38  Data  Gb  main.o [1]
hrtc                    0x20002cfc    0x14  Data  Gb  main.o [1]
hspi1                   0x20002ba4    0x58  Data  Gb  main.o [1]
huart1                  0x20002c4c    0x40  Data  Gb  main.o [1]
inHandlerMode           0x080050f3    0x12  Code  Lc  cmsis_os.o [1]
is_cursor_in_display_window
                        0x08006fdf    0x44  Code  Lc  uc1701x.o [1]
lcdTaskHandle           0x20002da8     0x4  Data  Gb  main.o [1]
lcd_Task                0x08004965    0x42  Code  Gb  main.o [1]
lcd_cs_high             0x08007ecd     0xe  Code  Lc  stm32zet6_milestone.o [1]
lcd_cs_low              0x08007edb     0xe  Code  Lc  stm32zet6_milestone.o [1]
lcd_drv                 0x20002db4     0x4  Data  Lc  stm32zet6_milestone_lcd.o [1]
lcd_io_init             0x08007ee9    0x14  Code  Gb  stm32zet6_milestone.o [1]
lcd_io_write_cmd        0x08007efd    0x16  Code  Gb  stm32zet6_milestone.o [1]
lcd_io_write_multiple_data
                        0x08007f13    0x1c  Code  Gb  stm32zet6_milestone.o [1]
lcd_rs_high             0x08007e95     0xe  Code  Lc  stm32zet6_milestone.o [1]
lcd_rs_low              0x08007ea3     0xe  Code  Lc  stm32zet6_milestone.o [1]
lcd_rst_high            0x08007eb1     0xe  Code  Lc  stm32zet6_milestone.o [1]
lcd_rst_low             0x08007ebf     0xe  Code  Lc  stm32zet6_milestone.o [1]
ldexp                   0x08003109          Code  Gb  ldexp.o [4]
ldexpl                  0x08003109          Code  Gb  ldexp.o [4]
localeconv              0x08002bd9     0x4  Code  Gb  xlocale_c.o [3]
main                    0x08004449    0x78  Code  Gb  main.o [1]
makeCmsisPriority       0x080050e5     0xe  Code  Lc  cmsis_os.o [1]
makeFreeRtosPriority    0x080050d1    0x14  Code  Lc  cmsis_os.o [1]
memchr                  0x08002c99          Code  Gb  memchr.o [5]
obuf                    0x20002bfc    0x50  Data  Lc  xfiles.o [3]
osDelay                 0x0800518b    0x16  Code  Gb  cmsis_os.o [1]
osKernelStart           0x08005105     0xa  Code  Gb  cmsis_os.o [1]
osKernelSysTick         0x0800510f    0x16  Code  Gb  cmsis_os.o [1]
osSystickHandler        0x080051a1    0x10  Code  Gb  cmsis_os.o [1]
osThreadCreate          0x08005125    0x3a  Code  Gb  cmsis_os.o [1]
osThreadGetId           0x0800515f     0x8  Code  Gb  cmsis_os.o [1]
osThreadGetPriority     0x08005167    0x24  Code  Gb  cmsis_os.o [1]
pcInterruptPriorityRegisters
                        0x0800a1f8     0x4  Data  Lc  port.o [1]
printf                  0x08004ab5    0x28  Code  Gb  printf.o [3]
prvAddCurrentTaskToDelayedList
                        0x08007b89    0x4c  Code  Lc  tasks.o [1]
prvAllocateTCBAndStack  0x08007bd5    0x36  Code  Lc  tasks.o [1]
prvCheckTasksWaitingTermination
                        0x08007b25    0x64  Code  Lc  tasks.o [1]
prvDeleteTCB            0x08007c0b    0x12  Code  Lc  tasks.o [1]
prvHeapInit             0x0800863d    0x66  Code  Lc  heap_4.o [1]
prvIdleTask             0x08007a41    0x16  Code  Lc  tasks.o [1]
prvInitialiseTCBVariables
                        0x08007a6d    0x58  Code  Lc  tasks.o [1]
prvInitialiseTaskLists  0x08007ac5    0x56  Code  Lc  tasks.o [1]
prvInsertBlockIntoFreeList
                        0x080086a3    0x5c  Code  Lc  heap_4.o [1]
prvResetNextTaskUnblockTime
                        0x08007c1d    0x2c  Code  Lc  tasks.o [1]
prvTaskExitError        0x08007cdd    0x18  Code  Lc  port.o [1]
putchar                 0x0800a0ad     0xc  Code  Gb  putchar.o [3]
pvPortMalloc            0x080084d9   0x102  Code  Gb  heap_4.o [1]
pxCurrentTCB            0x20002db8     0x4  Data  Gb  tasks.o [1]
pxDelayedTaskList       0x20002dbc     0x4  Data  Lc  tasks.o [1]
pxEnd                   0x20002d90     0x4  Data  Lc  heap_4.o [1]
pxOverflowDelayedTaskList
                        0x20002dc0     0x4  Data  Lc  tasks.o [1]
pxPortInitialiseStack   0x08007cc1    0x1c  Code  Gb  port.o [1]
pxReadyTasksLists       0x20002a98    0x8c  Data  Lc  tasks.o [1]
scalbln                 0x08003109          Code  Gb  ldexp.o [4]
scalblnl                0x08003109          Code  Gb  ldexp.o [4]
scalbn                  0x08003109          Code  Gb  ldexp.o [4]
scalbnl                 0x08003109          Code  Gb  ldexp.o [4]
scale                   0x0800237d    0x46  Code  Lc  xprintffull.o [3]
sec_hand                0x20002df0     0x4  Data  Lc  xfail_s.o [3]
strchr                  0x08002be9          Code  Gb  strchr.o [5]
strlen                  0x08002c61          Code  Gb  strlen.o [5]
uCRCErrorWorkaroundCheck
                        0x20002df5     0x1  Data  Gb  stm32f1xx_hal_spi_ex.o [1]
uc1701x_display_off     0x08007159     0xa  Code  Lc  uc1701x.o [1]
uc1701x_display_on      0x0800714f     0xa  Code  Lc  uc1701x.o [1]
uc1701x_drv             0x20000028    0x38  Data  Gb  uc1701x.o [1]
uc1701x_get_lcd_pixel_height
                        0x0800726f     0x4  Code  Lc  uc1701x.o [1]
uc1701x_get_lcd_pixel_width
                        0x0800726b     0x4  Code  Lc  uc1701x.o [1]
uc1701x_init            0x08007105    0x44  Code  Lc  uc1701x.o [1]
uc1701x_read_id         0x08007149     0x6  Code  Lc  uc1701x.o [1]
uc1701x_refresh_screen  0x080070c9    0x3c  Code  Gb  uc1701x.o [1]
uc1701x_virtual_cursor_update
                        0x08006d75   0x26a  Code  Lc  uc1701x.o [1]
uc1701x_virtual_draw_bit_map
                        0x08007273    0x46  Code  Lc  uc1701x.o [1]
uc1701x_virtual_draw_h_line
                        0x080071e7    0x42  Code  Lc  uc1701x.o [1]
uc1701x_virtual_draw_rgb_image
                        0x080072c9    0x22  Code  Lc  uc1701x.o [1]
uc1701x_virtual_draw_v_line
                        0x08007229    0x42  Code  Lc  uc1701x.o [1]
uc1701x_virtual_read_pixel
                        0x08007177    0x5a  Code  Lc  uc1701x.o [1]
uc1701x_virtual_set_cursor
                        0x080070b9     0xa  Code  Lc  uc1701x.o [1]
uc1701x_virtual_set_cursor_direction
                        0x080070c3     0x6  Code  Lc  uc1701x.o [1]
uc1701x_virtual_set_display_window
                        0x080071d1    0x16  Code  Lc  uc1701x.o [1]
uc1701x_virtual_write_multiple_data
                        0x08007023    0x96  Code  Lc  uc1701x.o [1]
uc1701x_virtual_write_pixel
                        0x08007163    0x14  Code  Lc  uc1701x.o [1]
uc1701x_write_cmd       0x08006d61     0xa  Code  Lc  uc1701x.o [1]
uc1701x_write_multiple_data
                        0x08006d6b     0xa  Code  Lc  uc1701x.o [1]
ucHeap                  0x20000528  0x1fa0  Data  Lc  heap_4.o [1]
ucMaxSysCallPriority    0x20002df4     0x1  Data  Lc  port.o [1]
ulMaxPRIGROUPValue      0x20002dac     0x4  Data  Lc  port.o [1]
ulPortSetInterruptMask  0x080083eb          Code  Gb  portasm.o [1]
uwTick                  0x20002db0     0x4  Data  Lc  stm32f1xx_hal.o [1]
uxCriticalNesting       0x20000000     0x4  Data  Lc  port.o [1]
uxCurrentNumberOfTasks  0x20002dc8     0x4  Data  Lc  tasks.o [1]
uxListRemove            0x080084b3    0x26  Code  Gb  list.o [1]
uxPendedTicks           0x20002dd8     0x4  Data  Lc  tasks.o [1]
uxSchedulerSuspended    0x20002dec     0x4  Data  Lc  tasks.o [1]
uxTaskNumber            0x20002de4     0x4  Data  Lc  tasks.o [1]
uxTaskPriorityGet       0x080076e9    0x1e  Code  Gb  tasks.o [1]
uxTaskPriorityGetFromISR
                        0x08007707    0x22  Code  Gb  tasks.o [1]
uxTasksDeleted          0x20002dc4     0x4  Data  Lc  tasks.o [1]
uxTopReadyPriority      0x20002dd0     0x4  Data  Lc  tasks.o [1]
vApplicationMallocFailedHook
                        0x0800443d     0xc  Code  Gb  main.o [1]
vApplicationStackOverflowHook
                        0x08004431     0xc  Code  Gb  main.o [1]
vListInitialise         0x08008441    0x1e  Code  Gb  list.o [1]
vListInitialiseItem     0x0800845f     0x6  Code  Gb  list.o [1]
vListInsert             0x0800847d    0x36  Code  Gb  list.o [1]
vListInsertEnd          0x08008465    0x18  Code  Gb  list.o [1]
vPortClearInterruptMask
                        0x080083f9          Code  Gb  portasm.o [1]
vPortEnterCritical      0x08007d8f    0x30  Code  Gb  port.o [1]
vPortExitCritical       0x08007dbf    0x2a  Code  Gb  port.o [1]
vPortFree               0x080085db    0x62  Code  Gb  heap_4.o [1]
vPortStartFirstTask     0x0800841f          Code  Gb  portasm.o [1]
vPortValidateInterruptPriority
                        0x08007e09    0x38  Code  Gb  port.o [1]
vPortYield              0x08007d7d    0x12  Code  Gb  port.o [1]
vTaskDelay              0x08007685    0x64  Code  Gb  tasks.o [1]
vTaskStartScheduler     0x08007729    0x58  Code  Gb  tasks.o [1]
vTaskSuspendAll         0x08007781    0x10  Code  Gb  tasks.o [1]
vTaskSwitchContext      0x080079af    0x92  Code  Gb  tasks.o [1]
window                  0x20000020     0x8  Data  Gb  uc1701x.o [1]
xBlockAllocatedBit      0x20002d9c     0x4  Data  Lc  heap_4.o [1]
xDelayedTaskList1       0x20002d10    0x14  Data  Lc  tasks.o [1]
xDelayedTaskList2       0x20002d24    0x14  Data  Lc  tasks.o [1]
xFreeBytesRemaining     0x20002d94     0x4  Data  Lc  heap_4.o [1]
xHeapStructSize         0x0800a1f4     0x4  Data  Lc  heap_4.o [1]
xMinimumEverFreeBytesRemaining
                        0x20002d98     0x4  Data  Lc  heap_4.o [1]
xNextTaskUnblockTime    0x20002de8     0x4  Data  Lc  tasks.o [1]
xNumOfOverflows         0x20002de0     0x4  Data  Lc  tasks.o [1]
xPendingReadyList       0x20002d38    0x14  Data  Lc  tasks.o [1]
xPortStartScheduler     0x08007cf5    0x88  Code  Gb  port.o [1]
xPortSysTickHandler     0x08007de9    0x1e  Code  Gb  port.o [1]
xSchedulerRunning       0x20002dd4     0x4  Data  Lc  tasks.o [1]
xStart                  0x20002d80     0x8  Data  Lc  heap_4.o [1]
xSuspendedTaskList      0x20002d60    0x14  Data  Lc  tasks.o [1]
xTaskGenericCreate      0x0800754d   0x138  Code  Gb  tasks.o [1]
xTaskGetCurrentTaskHandle
                        0x08007c49     0x8  Code  Gb  tasks.o [1]
xTaskGetSchedulerState  0x08007c55    0x20  Code  Gb  tasks.o [1]
xTaskGetTickCount       0x08007877     0x8  Code  Gb  tasks.o [1]
xTaskGetTickCountFromISR
                        0x0800787f    0x10  Code  Gb  tasks.o [1]
xTaskIncrementTick      0x0800788f   0x120  Code  Gb  tasks.o [1]
xTaskResumeAll          0x08007791    0xe6  Code  Gb  tasks.o [1]
xTasksWaitingTermination
                        0x20002d4c    0x14  Data  Lc  tasks.o [1]
xTickCount              0x20002dcc     0x4  Data  Lc  tasks.o [1]
xYieldPending           0x20002ddc     0x4  Data  Lc  tasks.o [1]


[1] = D:\development\ST\stm32\src_code\jlx12864_uc1701x\hello_lcd\EWARM\hello_lcd\Obj
[2] = command line
[3] = dl7M_tlf.a
[4] = m7M_tl.a
[5] = rt7M_tl.a

  29 258 bytes of readonly  code memory
  12 527 bytes of readonly  data memory
  11 766 bytes of readwrite data memory

Errors: none
Warnings: none
